Component: Arm Compiler for Embedded 6.22 Tool: armlink [5ee90200]

==============================================================================

Section Cross References

    clock_and_modes.o(.ARM.exidx.text.SOSC_INIT_8MHZ) refers to clock_and_modes.o(.text.SOSC_INIT_8MHZ) for [Anonymous Symbol]
    clock_and_modes.o(.ARM.exidx.text.FIRC_INIT) refers to clock_and_modes.o(.text.FIRC_INIT) for [Anonymous Symbol]
    clock_and_modes.o(.ARM.exidx.text.SIRC_INIT) refers to clock_and_modes.o(.text.SIRC_INIT) for [Anonymous Symbol]
    clock_and_modes.o(.ARM.exidx.text.SPLL_INIT) refers to clock_and_modes.o(.text.SPLL_INIT) for [Anonymous Symbol]
    clock_and_modes.o(.ARM.exidx.text.NORMAL_RUN_MODE) refers to clock_and_modes.o(.text.NORMAL_RUN_MODE) for [Anonymous Symbol]
    gpio_config.o(.ARM.exidx.text.GPIO_Input_Config) refers to gpio_config.o(.text.GPIO_Input_Config) for [Anonymous Symbol]
    gpio_config.o(.ARM.exidx.text.GPIO_Output_Config) refers to gpio_config.o(.text.GPIO_Output_Config) for [Anonymous Symbol]
    gpio_config.o(.ARM.exidx.text.GPIO_Input_Interrupt_Config) refers to gpio_config.o(.text.GPIO_Input_Interrupt_Config) for [Anonymous Symbol]
    lpit_config.o(.ARM.exidx.text.LPIT_Config) refers to lpit_config.o(.text.LPIT_Config) for [Anonymous Symbol]
    lpit_config.o(.ARM.exidx.text.LPIT_Disable) refers to lpit_config.o(.text.LPIT_Disable) for [Anonymous Symbol]
    lpspi_config.o(.ARM.exidx.text.LPSPI0_CONFIG) refers to lpspi_config.o(.text.LPSPI0_CONFIG) for [Anonymous Symbol]
    lpspi_config.o(.ARM.exidx.text.LPSPI1_CONFIG) refers to lpspi_config.o(.text.LPSPI1_CONFIG) for [Anonymous Symbol]
    lpspi_config.o(.ARM.exidx.text.PORT_SPI_CONFIG) refers to lpspi_config.o(.text.PORT_SPI_CONFIG) for [Anonymous Symbol]
    lpspi_config.o(.ARM.exidx.text.SPI1_Send) refers to lpspi_config.o(.text.SPI1_Send) for [Anonymous Symbol]
    main.o(.text.main) refers to clock_and_modes.o(.text.SOSC_INIT_8MHZ) for SOSC_INIT_8MHZ
    main.o(.text.main) refers to clock_and_modes.o(.text.SPLL_INIT) for SPLL_INIT
    main.o(.text.main) refers to clock_and_modes.o(.text.NORMAL_RUN_MODE) for NORMAL_RUN_MODE
    main.o(.text.main) refers to gpio_config.o(.text.GPIO_Output_Config) for GPIO_Output_Config
    main.o(.text.main) refers to gpio_config.o(.text.GPIO_Input_Config) for GPIO_Input_Config
    main.o(.text.main) refers to gpio_config.o(.text.GPIO_Input_Interrupt_Config) for GPIO_Input_Interrupt_Config
    main.o(.text.main) refers to uart_config.o(.text.UART1_Interrupt_Config) for UART1_Interrupt_Config
    main.o(.text.main) refers to lpspi_config.o(.text.PORT_SPI_CONFIG) for PORT_SPI_CONFIG
    main.o(.text.main) refers to lpspi_config.o(.text.LPSPI1_CONFIG) for LPSPI1_CONFIG
    main.o(.text.main) refers to max7219.o(.text.MAX7219_Innit) for MAX7219_Innit
    main.o(.text.main) refers to main.o(.data.day) for day
    main.o(.text.main) refers to main.o(.data.month) for month
    main.o(.text.main) refers to main.o(.data.year) for year
    main.o(.text.main) refers to max7219.o(.text.MAX7219_DateDisplay) for MAX7219_DateDisplay
    main.o(.text.main) refers to main.o(.bss.hour) for hour
    main.o(.text.main) refers to main.o(.bss.minute) for minute
    main.o(.text.main) refers to main.o(.bss.second) for second
    main.o(.text.main) refers to max7219.o(.text.MAX7219_TimeDisplay) for MAX7219_TimeDisplay
    main.o(.text.main) refers to lpit_config.o(.text.LPIT_Config) for LPIT_Config
    main.o(.text.main) refers to main.o(.bss.doneReceive) for doneReceive
    main.o(.text.main) refers to main.o(.text.ProcessReceiveData) for ProcessReceiveData
    main.o(.text.main) refers to main.o(.bss.string_index) for string_index
    main.o(.text.main) refers to main.o(.data.intensityLevel) for intensityLevel
    main.o(.text.main) refers to max7219.o(.text.MAX7219_Display) for MAX7219_Display
    main.o(.text.main) refers to max7219.o(.text.MAX7219_Intensity) for MAX7219_Intensity
    main.o(.text.main) refers to main.o(.data.DisplayMode) for DisplayMode
    main.o(.text.main) refers to lpit_config.o(.text.LPIT_Disable) for LPIT_Disable
    main.o(.text.main) refers to main.o(.text.MAX7219DisplayMode) for MAX7219DisplayMode
    main.o(.text.main) refers to main.o(.bss.transmit) for transmit
    main.o(.text.main) refers to main.o(.text.ProcessTransmitData) for ProcessTransmitData
    main.o(.ARM.exidx.text.main) refers to main.o(.text.main) for [Anonymous Symbol]
    main.o(.text.ProcessReceiveData) refers to main.o(.bss.receiveBuffer) for receiveBuffer
    main.o(.text.ProcessReceiveData) refers to main.o(.bss.string_index) for string_index
    main.o(.text.ProcessReceiveData) refers to strlen.o(.text) for strlen
    main.o(.text.ProcessReceiveData) refers to main.o(.bss.TimeDate_RxBuff) for TimeDate_RxBuff
    main.o(.text.ProcessReceiveData) refers to rt_memcpy_v6.o(.text) for __aeabi_memcpy
[...]
    ftfc.o(.text.flash_set_flexram_to_eeprom) refers to ftfc.o(.text.flash_execute_command) for flash_execute_command
    ftfc.o(.ARM.exidx.text.flash_set_flexram_to_eeprom) refers to ftfc.o(.text.flash_set_flexram_to_eeprom) for [Anonymous Symbol]
    ftfc.o(.ARM.exidx.text.flash_write_eeprom) refers to ftfc.o(.text.flash_write_eeprom) for [Anonymous Symbol]
    ftfc.o(.ARM.exidx.text.flash_read_eeprom) refers to ftfc.o(.text.flash_read_eeprom) for [Anonymous Symbol]
    ftfc.o(.text.EEPROM_Write) refers to ftfc.o(.text.flash_set_flexram_to_eeprom) for flash_set_flexram_to_eeprom
    ftfc.o(.text.EEPROM_Write) refers to ftfc.o(.text.flash_wait_ready) for flash_wait_ready
    ftfc.o(.text.EEPROM_Write) refers to ftfc.o(.text.flash_write_eeprom) for flash_write_eeprom
    ftfc.o(.ARM.exidx.text.EEPROM_Write) refers to ftfc.o(.text.EEPROM_Write) for [Anonymous Symbol]
    ftfc.o(.text.EEPROM_Read) refers to ftfc.o(.text.flash_set_flexram_to_eeprom) for flash_set_flexram_to_eeprom
    ftfc.o(.text.EEPROM_Read) refers to ftfc.o(.text.flash_wait_ready) for flash_wait_ready
    ftfc.o(.text.EEPROM_Read) refers to ftfc.o(.text.flash_read_eeprom) for flash_read_eeprom
    ftfc.o(.ARM.exidx.text.EEPROM_Read) refers to ftfc.o(.text.EEPROM_Read) for [Anonymous Symbol]
    startup.o(.text.init_data_bss) refers to startup_s32k144.o(.text) for __RAM_VECTOR_TABLE_SIZE
    startup.o(.text.init_data_bss) refers to startup.o(.rodata.s_vectors) for s_vectors
    startup.o(.ARM.exidx.text.init_data_bss) refers to startup.o(.text.init_data_bss) for [Anonymous Symbol]
    startup_s32k144.o(.text) refers (Special) to main.o(.text.main) for main
    startup_s32k144.o(.text) refers to startup_s32k144.o(FlashConfig) for FlashConfig
    startup_s32k144.o(.text) refers to startup_s32k144.o(RESET) for __Vectors
    startup_s32k144.o(.text) refers to system_s32k144.o(.text.SystemInit) for SystemInit
    startup_s32k144.o(.text) refers to startup.o(.text.init_data_bss) for init_data_bss
    startup_s32k144.o(.text) refers to __main.o(!!!main) for __main
    startup_s32k144.o(RESET) refers (Special) to main.o(.text.main) for main
    startup_s32k144.o(RESET) refers to startup_s32k144.o(.text) for Reset_Handler
    startup_s32k144.o(RESET) refers to main.o(.text.LPUART1_RxTx_IRQHandler) for LPUART1_RxTx_IRQHandler
    startup_s32k144.o(RESET) refers to main.o(.text.LPIT0_Ch0_IRQHandler) for LPIT0_Ch0_IRQHandler
    startup_s32k144.o(RESET) refers to main.o(.text.LPIT0_Ch1_IRQHandler) for LPIT0_Ch1_IRQHandler
    startup_s32k144.o(RESET) refers to main.o(.text.LPIT0_Ch2_IRQHandler) for LPIT0_Ch2_IRQHandler
    startup_s32k144.o(RESET) refers to main.o(.text.PORTC_IRQHandler) for PORTC_IRQHandler
    startup_s32k144.o(FlashConfig) refers (Special) to main.o(.text.main) for main
    system_s32k144.o(.ARM.exidx.text.SystemInit) refers to system_s32k144.o(.text.SystemInit) for [Anonymous Symbol]
    system_s32k144.o(.text.SystemCoreClockUpdate) refers to system_s32k144.o(.rodata.SystemCoreClockUpdate.fircFreq) for SystemCoreClockUpdate.fircFreq
    system_s32k144.o(.text.SystemCoreClockUpdate) refers to system_s32k144.o(.data.SystemCoreClock) for SystemCoreClock
    system_s32k144.o(.ARM.exidx.text.SystemCoreClockUpdate) refers to system_s32k144.o(.text.SystemCoreClockUpdate) for [Anonymous Symbol]
    system_s32k144.o(.ARM.exidx.text.SystemSoftwareReset) refers to system_s32k144.o(.text.SystemSoftwareReset) for [Anonymous Symbol]
    rt_memcpy_v6.o(.text) refers to rt_memcpy_w.o(.text) for __aeabi_memcpy4
    __main.o(!!!main) refers to __rtentry.o(.ARM.Collect$$rtentry$$00000000) for __rt_entry
    __rtentry.o(.ARM.Collect$$rtentry$$00000000) refers (Special) to __rtentry2.o(.ARM.Collect$$rtentry$$0000000A) for __rt_entry_li
    __rtentry.o(.ARM.Collect$$rtentry$$00000000) refers (Special) to __rtentry2.o(.ARM.Collect$$rtentry$$0000000D) for __rt_entry_main
    __rtentry.o(.ARM.Collect$$rtentry$$00000000) refers (Special) to __rtentry2.o(.ARM.Collect$$rtentry$$0000000C) for __rt_entry_postli_1
    __rtentry.o(.ARM.Collect$$rtentry$$00000000) refers (Special) to __rtentry2.o(.ARM.Collect$$rtentry$$00000009) for __rt_entry_postsh_1
    __rtentry.o(.ARM.Collect$$rtentry$$00000000) refers (Special) to __rtentry2.o(.ARM.Collect$$rtentry$$00000002) for __rt_entry_presh_1
    __rtentry.o(.ARM.Collect$$rtentry$$00000000) refers (Special) to __rtentry7.o(.ARM.Collect$$rtentry$$00000007) for __rt_entry_sh
    __rtentry2.o(.ARM.Collect$$rtentry$$00000008) refers to boardinit2.o(.text) for _platform_post_stackheap_init
    __rtentry2.o(.ARM.Collect$$rtentry$$0000000A) refers to libinit.o(.ARM.Collect$$libinit$$00000000) for __rt_lib_init
    __rtentry2.o(.ARM.Collect$$rtentry$$0000000B) refers to boardinit3.o(.text) for _platform_post_lib_init
    __rtentry2.o(.ARM.Collect$$rtentry$$0000000D) refers to main.o(.text.main) for main
    __rtentry2.o(.ARM.Collect$$rtentry$$0000000D) refers to exit.o(.text) for exit
    __rtentry2.o(.ARM.exidx) refers to __rtentry2.o(.ARM.Collect$$rtentry$$00000001) for .ARM.Collect$$rtentry$$00000001
    __rtentry2.o(.ARM.exidx) refers to __rtentry2.o(.ARM.Collect$$rtentry$$00000008) for .ARM.Collect$$rtentry$$00000008
    __rtentry2.o(.ARM.exidx) refers to __rtentry2.o(.ARM.Collect$$rtentry$$0000000A) for .ARM.Collect$$rtentry$$0000000A
    __rtentry2.o(.ARM.exidx) refers to __rtentry2.o(.ARM.Collect$$rtentry$$0000000B) for .ARM.Collect$$rtentry$$0000000B
    __rtentry2.o(.ARM.exidx) refers to __rtentry2.o(.ARM.Collect$$rtentry$$0000000D) for .ARM.Collect$$rtentry$$0000000D
    __rtentry4.o(.ARM.Collect$$rtentry$$00000004) refers to sys_stackheap_outer.o(.text) for __user_setup_stackheap
    __rtentry4.o(.ARM.exidx) refers to __rtentry4.o(.ARM.Collect$$rtentry$$00000004) for .ARM.Collect$$rtentry$$00000004
    __rtentry7.o(.ARM.Collect$$rtentry$$00000007) refers to __rtentry7.o(.ARM.Collect$$rtentry$$00002718) for __lit__00000000
    __rtentry7.o(__vectab_stack_and_reset_2_area) refers to __main.o(!!!main) for __main
    __rtentry7.o(.ARM.exidx) refers to __rtentry7.o(.ARM.Collect$$rtentry$$00000007) for .ARM.Collect$$rtentry$$00000007
    __rtentry7.o(.ARM.exidx) refers to __rtentry7.o(.ARM.Collect$$rtentry$$00002718) for .ARM.Collect$$rtentry$$00002718
    sys_stackheap_outer.o(.text) refers to libspace.o(.text) for __user_perproc_libspace
    sys_stackheap_outer.o(.text) refers to sys_stackheap.o(.text) for __user_initial_stackheap
    exit.o(.text) refers to rtexit.o(.ARM.Collect$$rtexit$$00000000) for __rt_exit
    libinit.o(.ARM.Collect$$libinit$$00000000) refers (Special) to libinit2.o(.ARM.Collect$$libinit$$00000030) for __rt_lib_init_alloca_1
    libinit.o(.ARM.Collect$$libinit$$00000000) refers (Special) to libinit2.o(.ARM.Collect$$libinit$$0000002E) for __rt_lib_init_argv_1
    libinit.o(.ARM.Collect$$libinit$$00000000) refers (Special) to libinit2.o(.ARM.Collect$$libinit$$0000001D) for __rt_lib_init_atexit_1
    libinit.o(.ARM.Collect$$libinit$$00000000) refers (Special) to libinit2.o(.ARM.Collect$$libinit$$00000023) for __rt_lib_init_clock_1
    libinit.o(.ARM.Collect$$libinit$$00000000) refers (Special) to libinit2.o(.ARM.Collect$$libinit$$00000034) for __rt_lib_init_cpp_1
    libinit.o(.ARM.Collect$$libinit$$00000000) refers (Special) to libinit2.o(.ARM.Collect$$libinit$$00000032) for __rt_lib_init_exceptions_1
    libinit.o(.ARM.Collect$$libinit$$00000000) refers (Special) to libinit2.o(.ARM.Collect$$libinit$$00000001) for __rt_lib_init_fp_1
    libinit.o(.ARM.Collect$$libinit$$00000000) refers (Special) to libinit2.o(.ARM.Collect$$libinit$$00000021) for __rt_lib_init_fp_trap_1
    libinit.o(.ARM.Collect$$libinit$$00000000) refers (Special) to libinit2.o(.ARM.Collect$$libinit$$00000025) for __rt_lib_init_getenv_1
    libinit.o(.ARM.Collect$$libinit$$00000000) refers (Special) to libinit2.o(.ARM.Collect$$libinit$$0000000C) for __rt_lib_init_heap_1
    libinit.o(.ARM.Collect$$libinit$$00000000) refers (Special) to libinit2.o(.ARM.Collect$$libinit$$00000013) for __rt_lib_init_lc_collate_1
    libinit.o(.ARM.Collect$$libinit$$00000000) refers (Special) to libinit2.o(.ARM.Collect$$libinit$$00000015) for __rt_lib_init_lc_ctype_1
    libinit.o(.ARM.Collect$$libinit$$00000000) refers (Special) to libinit2.o(.ARM.Collect$$libinit$$00000017) for __rt_lib_init_lc_monetary_1
    libinit.o(.ARM.Collect$$libinit$$00000000) refers (Special) to libinit2.o(.ARM.Collect$$libinit$$00000019) for __rt_lib_init_lc_numeric_1
    libinit.o(.ARM.Collect$$libinit$$00000000) refers (Special) to libinit2.o(.ARM.Collect$$libinit$$0000001B) for __rt_lib_init_lc_time_1
    libinit.o(.ARM.Collect$$libinit$$00000000) refers (Special) to libinit2.o(.ARM.Collect$$libinit$$00000006) for __rt_lib_init_preinit_1
    libinit.o(.ARM.Collect$$libinit$$00000000) refers (Special) to libinit2.o(.ARM.Collect$$libinit$$00000010) for __rt_lib_init_rand_1
    libinit.o(.ARM.Collect$$libinit$$00000000) refers (Special) to libinit2.o(.ARM.Collect$$libinit$$00000004) for __rt_lib_init_relocate_pie_1
    libinit.o(.ARM.Collect$$libinit$$00000000) refers (Special) to libinit2.o(.ARM.Collect$$libinit$$00000035) for __rt_lib_init_return
    libinit.o(.ARM.Collect$$libinit$$00000000) refers (Special) to libinit2.o(.ARM.Collect$$libinit$$0000001F) for __rt_lib_init_signal_1
    libinit.o(.ARM.Collect$$libinit$$00000000) refers (Special) to libinit2.o(.ARM.Collect$$libinit$$00000027) for __rt_lib_init_stdio_1
    libinit.o(.ARM.Collect$$libinit$$00000000) refers (Special) to libinit2.o(.ARM.Collect$$libinit$$0000000E) for __rt_lib_init_user_alloc_1
    libspace.o(.text) refers to libspace.o(.bss) for __libspace_start
    sys_stackheap.o(.text) refers (Special) to indicate_semi.o(.text) for __semihosting_library_function
    sys_stackheap.o(.text) refers to use_no_semi.o(.text) for __I$use$semihosting
    sys_stackheap_hlt.o(.text) refers (Special) to indicate_semi.o(.text) for __semihosting_library_function
    sys_stackheap_hlt.o(.text) refers to use_no_semi.o(.text) for __I$use$semihosting
    rtexit.o(.ARM.Collect$$rtexit$$00000000) refers (Special) to rtexit2.o(.ARM.Collect$$rtexit$$00000004) for __rt_exit_exit
    rtexit.o(.ARM.Collect$$rtexit$$00000000) refers (Special) to rtexit2.o(.ARM.Collect$$rtexit$$00000003) for __rt_exit_ls
    rtexit.o(.ARM.Collect$$rtexit$$00000000) refers (Special) to rtexit2.o(.ARM.Collect$$rtexit$$00000002) for __rt_exit_prels_1
    rtexit.o(.ARM.exidx) refers (Special) to rtexit2.o(.ARM.Collect$$rtexit$$00000004) for __rt_exit_exit
    rtexit.o(.ARM.exidx) refers (Special) to rtexit2.o(.ARM.Collect$$rtexit$$00000003) for __rt_exit_ls
    rtexit.o(.ARM.exidx) refers (Special) to rtexit2.o(.ARM.Collect$$rtexit$$00000002) for __rt_exit_prels_1
    rtexit.o(.ARM.exidx) refers to rtexit.o(.ARM.Collect$$rtexit$$00000000) for .ARM.Collect$$rtexit$$00000000
    libinit2.o(.ARM.Collect$$libinit$$00000001) refers to fpinit.o(x$fpl$fpinit) for _fp_init
    libinit2.o(.ARM.Collect$$libinit$$00000012) refers to libinit2.o(.ARM.Collect$$libinit$$00000011) for .ARM.Collect$$libinit$$00000011
    libinit2.o(.ARM.Collect$$libinit$$00000014) refers to libinit2.o(.ARM.Collect$$libinit$$00000011) for .ARM.Collect$$libinit$$00000011
    libinit2.o(.ARM.Collect$$libinit$$00000016) refers to libinit2.o(.ARM.Collect$$libinit$$00000011) for .ARM.Collect$$libinit$$00000011
    libinit2.o(.ARM.Collect$$libinit$$00000018) refers to libinit2.o(.ARM.Collect$$libinit$$00000011) for .ARM.Collect$$libinit$$00000011
    libinit2.o(.ARM.Collect$$libinit$$0000001A) refers to libinit2.o(.ARM.Collect$$libinit$$00000011) for .ARM.Collect$$libinit$$00000011
    libinit2.o(.ARM.Collect$$libinit$$00000028) refers to argv_veneer.o(.emb_text) for __ARM_argv_veneer
    libinit2.o(.ARM.Collect$$libinit$$00000029) refers to argv_veneer.o(.emb_text) for __ARM_argv_veneer
    libinit5.o(.ARM.Collect$$libinit$$0000000A) refers to libinit5.o(.ARM.Collect$$libinit$$0000271B) for __lit__00000000
    libinit5.o(.ARM.Collect$$libinit$$0000002C) refers to libinit5.o(.ARM.Collect$$libinit$$0000273D) for __lit__00000002
    libinit5.o(.ARM.Collect$$libinit$$0000002C) refers to argv_veneer.o(.emb_text) for __ARM_argv_veneer
    rtexit2.o(.ARM.Collect$$rtexit$$00000003) refers to libshutdown.o(.ARM.Collect$$libshutdown$$00000000) for __rt_lib_shutdown
    rtexit2.o(.ARM.Collect$$rtexit$$00000004) refers to sys_exit.o(.text) for _sys_exit
    rtexit2.o(.ARM.exidx) refers to rtexit2.o(.ARM.Collect$$rtexit$$00000001) for .ARM.Collect$$rtexit$$00000001
    rtexit2.o(.ARM.exidx) refers to rtexit2.o(.ARM.Collect$$rtexit$$00000003) for .ARM.Collect$$rtexit$$00000003
    rtexit2.o(.ARM.exidx) refers to rtexit2.o(.ARM.Collect$$rtexit$$00000004) for .ARM.Collect$$rtexit$$00000004
    argv_veneer.o(.emb_text) refers to no_argv.o(.text) for __ARM_get_argv
    sys_exit.o(.text) refers (Special) to use_no_semi.o(.text) for __I$use$semihosting
    sys_exit.o(.text) refers (Special) to indicate_semi.o(.text) for __semihosting_library_function
    sys_exit_hlt.o(.text) refers (Special) to use_no_semi.o(.text) for __I$use$semihosting
    sys_exit_hlt.o(.text) refers (Special) to indicate_semi.o(.text) for __semihosting_library_function
    _get_argv_nomalloc.o(.text) refers (Special) to hrguard.o(.text) for __heap_region$guard
    _get_argv_nomalloc.o(.text) refers to defsig_rtmem_outer.o(.text) for __rt_SIGRTMEM
    _get_argv_nomalloc.o(.text) refers to sys_command.o(.text) for _sys_command_string
    libshutdown.o(.ARM.Collect$$libshutdown$$00000000) refers (Special) to libshutdown2.o(.ARM.Collect$$libshutdown$$00000002) for __rt_lib_shutdown_cpp_1
    libshutdown.o(.ARM.Collect$$libshutdown$$00000000) refers (Special) to libshutdown2.o(.ARM.Collect$$libshutdown$$00000007) for __rt_lib_shutdown_fp_trap_1
    libshutdown.o(.ARM.Collect$$libshutdown$$00000000) refers (Special) to libshutdown2.o(.ARM.Collect$$libshutdown$$0000000F) for __rt_lib_shutdown_heap_1
    libshutdown.o(.ARM.Collect$$libshutdown$$00000000) refers (Special) to libshutdown2.o(.ARM.Collect$$libshutdown$$00000010) for __rt_lib_shutdown_return
    libshutdown.o(.ARM.Collect$$libshutdown$$00000000) refers (Special) to libshutdown2.o(.ARM.Collect$$libshutdown$$0000000A) for __rt_lib_shutdown_signal_1
    libshutdown.o(.ARM.Collect$$libshutdown$$00000000) refers (Special) to libshutdown2.o(.ARM.Collect$$libshutdown$$00000004) for __rt_lib_shutdown_stdio_1
    libshutdown.o(.ARM.Collect$$libshutdown$$00000000) refers (Special) to libshutdown2.o(.ARM.Collect$$libshutdown$$0000000C) for __rt_lib_shutdown_user_alloc_1
    sys_command.o(.text) refers (Special) to use_no_semi.o(.text) for __I$use$semihosting
    sys_command.o(.text) refers (Special) to indicate_semi.o(.text) for __semihosting_library_function
    sys_command_hlt.o(.text) refers (Special) to use_no_semi.o(.text) for __I$use$semihosting
    sys_command_hlt.o(.text) refers (Special) to indicate_semi.o(.text) for __semihosting_library_function
    defsig_rtmem_outer.o(.text) refers to defsig_rtmem_inner.o(.text) for __rt_SIGRTMEM_inner
    defsig_rtmem_outer.o(.text) refers to defsig_exit.o(.text) for __sig_exit
    defsig_rtmem_formal.o(.text) refers to rt_raise.o(.text) for __rt_raise
    rt_raise.o(.text) refers to __raise.o(.text) for __raise
    rt_raise.o(.text) refers to sys_exit.o(.text) for _sys_exit
    defsig_exit.o(.text) refers to sys_exit.o(.text) for _sys_exit
    defsig_rtmem_inner.o(.text) refers to defsig_general.o(.text) for __default_signal_display
    __raise.o(.text) refers to defsig.o(CL$$defsig) for __default_signal_handler
    defsig_general.o(.text) refers to sys_wrch.o(.text) for _ttywrch
    sys_wrch.o(.text) refers (Special) to use_no_semi.o(.text) for __I$use$semihosting
    sys_wrch.o(.text) refers (Special) to indicate_semi.o(.text) for __semihosting_library_function
    sys_wrch_hlt.o(.text) refers (Special) to use_no_semi.o(.text) for __I$use$semihosting
    sys_wrch_hlt.o(.text) refers (Special) to indicate_semi.o(.text) for __semihosting_library_function
    defsig.o(CL$$defsig) refers to defsig_rtmem_inner.o(.text) for __rt_SIGRTMEM_inner
    defsig_abrt_inner.o(.text) refers to defsig_general.o(.text) for __default_signal_display
    defsig_fpe_inner.o(.text) refers to defsig_general.o(.text) for __default_signal_display
    defsig_rtred_inner.o(.text) refers to defsig_general.o(.text) for __default_signal_display
    defsig_stak_inner.o(.text) refers to defsig_general.o(.text) for __default_signal_display
    defsig_pvfn_inner.o(.text) refers to defsig_general.o(.text) for __default_signal_display
    defsig_cppl_inner.o(.text) refers to defsig_general.o(.text) for __default_signal_display
    defsig_segv_inner.o(.text) refers to defsig_general.o(.text) for __default_signal_display
    defsig_other.o(.text) refers to defsig_general.o(.text) for __default_signal_display


==============================================================================

Removing Unused input sections from the image.

    Removing clock_and_modes.o(.text), (0 bytes).
    Removing clock_and_modes.o(.ARM.exidx.text.SOSC_INIT_8MHZ), (8 bytes).
    Removing clock_and_modes.o(.text.FIRC_INIT), (160 bytes).
    Removing clock_and_modes.o(.ARM.exidx.text.FIRC_INIT), (8 bytes).
    Removing clock_and_modes.o(.text.SIRC_INIT), (214 bytes).
    Removing clock_and_modes.o(.ARM.exidx.text.SIRC_INIT), (8 bytes).
    Removing clock_and_modes.o(.ARM.exidx.text.SPLL_INIT), (8 bytes).
    Removing clock_and_modes.o(.ARM.exidx.text.NORMAL_RUN_MODE), (8 bytes).
    Removing gpio_config.o(.text), (0 bytes).
    Removing gpio_config.o(.ARM.exidx.text.GPIO_Input_Config), (8 bytes).
    Removing gpio_config.o(.ARM.exidx.text.GPIO_Output_Config), (8 bytes).
    Removing gpio_config.o(.ARM.exidx.text.GPIO_Input_Interrupt_Config), (8 bytes).
    Removing lpit_config.o(.text), (0 bytes).
    Removing lpit_config.o(.ARM.exidx.text.LPIT_Config), (8 bytes).
    Removing lpit_config.o(.ARM.exidx.text.LPIT_Disable), (8 bytes).
    Removing lpspi_config.o(.text), (0 bytes).
    Removing lpspi_config.o(.text.LPSPI0_CONFIG), (2 bytes).
    Removing lpspi_config.o(.ARM.exidx.text.LPSPI0_CONFIG), (8 bytes).
    Removing lpspi_config.o(.ARM.exidx.text.LPSPI1_CONFIG), (8 bytes).
    Removing lpspi_config.o(.ARM.exidx.text.PORT_SPI_CONFIG), (8 bytes).
    Removing lpspi_config.o(.ARM.exidx.text.SPI1_Send), (8 bytes).
    Removing main.o(.text), (0 bytes).
    Removing main.o(.ARM.exidx.text.main), (8 bytes).
    Removing main.o(.ARM.exidx.text.ProcessReceiveData), (8 bytes).
    Removing main.o(.ARM.exidx.text.MAX7219DisplayMode), (8 bytes).
    Removing main.o(.ARM.exidx.text.ProcessTransmitData), (8 bytes).
    Removing main.o(.ARM.exidx.text.LPUART1_RxTx_IRQHandler), (8 bytes).
    Removing main.o(.ARM.exidx.text.CalculateCheckSum), (8 bytes).
    Removing main.o(.text.ValidateCheckSum), (198 bytes).
    Removing main.o(.ARM.exidx.text.ValidateCheckSum), (8 bytes).
    Removing main.o(.ARM.exidx.text.PORTC_IRQHandler), (8 bytes).
    Removing main.o(.ARM.exidx.text.LPIT0_Ch0_IRQHandler), (8 bytes).
    Removing main.o(.ARM.exidx.text.DayinMonth), (8 bytes).
    Removing main.o(.ARM.exidx.text.LPIT0_Ch1_IRQHandler), (8 bytes).
    Removing main.o(.ARM.exidx.text.LPIT0_Ch2_IRQHandler), (8 bytes).
    Removing main.o(.bss.dataValid), (4 bytes).
    Removing main.o(.bss.enable), (1 bytes).
    Removing main.o(.bss.counter500ms), (4 bytes).
    Removing main.o(.data.NumberLEDcode), (11 bytes).
    Removing main.o(.ARM.use_no_argv), (4 bytes).
    Removing max7219.o(.text), (0 bytes).
    Removing max7219.o(.ARM.exidx.text.MAX7219_Innit), (8 bytes).
    Removing max7219.o(.ARM.exidx.text.MAX7219_Display), (8 bytes).
    Removing max7219.o(.ARM.exidx.text.MAX7219_TimeDisplay), (8 bytes).
    Removing max7219.o(.ARM.exidx.text.MAX7219_DateDisplay), (8 bytes).
    Removing max7219.o(.ARM.exidx.text.MAX7219_Intensity), (8 bytes).
    Removing uart_config.o(.text), (0 bytes).
    Removing uart_config.o(.text.UART0_Config), (2 bytes).
    Removing uart_config.o(.ARM.exidx.text.UART0_Config), (8 bytes).
    Removing uart_config.o(.text.UART1_Config), (480 bytes).
    Removing uart_config.o(.ARM.exidx.text.UART1_Config), (8 bytes).
    Removing uart_config.o(.text.UART2_Config), (2 bytes).
    Removing uart_config.o(.ARM.exidx.text.UART2_Config), (8 bytes).
    Removing uart_config.o(.text.UART0_Interrupt_Config), (620 bytes).
    Removing uart_config.o(.ARM.exidx.text.UART0_Interrupt_Config), (8 bytes).
    Removing uart_config.o(.ARM.exidx.text.UART1_Interrupt_Config), (8 bytes).
    Removing uart_config.o(.text.UART2_Interrupt_Config), (2 bytes).
    Removing uart_config.o(.ARM.exidx.text.UART2_Interrupt_Config), (8 bytes).
    Removing uart_config.o(.ARM.exidx.text.UART1_SendChar), (8 bytes).
    Removing uart_config.o(.ARM.exidx.text.UART1_SendString), (8 bytes).
    Removing ftfc.o(.text), (0 bytes).
    Removing ftfc.o(.text.flash_wait_ready), (86 bytes).
    Removing ftfc.o(.ARM.exidx.text.flash_wait_ready), (8 bytes).
    Removing ftfc.o(.text.flash_execute_command), (36 bytes).
    Removing ftfc.o(.ARM.exidx.text.flash_execute_command), (8 bytes).
    Removing ftfc.o(.text.flash_program_partition), (68 bytes).
    Removing ftfc.o(.ARM.exidx.text.flash_program_partition), (8 bytes).
    Removing ftfc.o(.text.flash_set_flexram_to_eeprom), (50 bytes).
    Removing ftfc.o(.ARM.exidx.text.flash_set_flexram_to_eeprom), (8 bytes).
    Removing ftfc.o(.text.flash_write_eeprom), (36 bytes).
    Removing ftfc.o(.ARM.exidx.text.flash_write_eeprom), (8 bytes).
    Removing ftfc.o(.text.flash_read_eeprom), (32 bytes).
    Removing ftfc.o(.ARM.exidx.text.flash_read_eeprom), (8 bytes).
    Removing ftfc.o(.text.EEPROM_Write), (140 bytes).
    Removing ftfc.o(.ARM.exidx.text.EEPROM_Write), (8 bytes).
    Removing ftfc.o(.text.EEPROM_Read), (132 bytes).
    Removing ftfc.o(.ARM.exidx.text.EEPROM_Read), (8 bytes).
    Removing startup.o(.text), (0 bytes).
    Removing startup.o(.ARM.exidx.text.init_data_bss), (8 bytes).
    Removing system_s32k144.o(.text), (0 bytes).
    Removing system_s32k144.o(.ARM.exidx.text.SystemInit), (8 bytes).
    Removing system_s32k144.o(.text.SystemCoreClockUpdate), (254 bytes).
    Removing system_s32k144.o(.ARM.exidx.text.SystemCoreClockUpdate), (8 bytes).
    Removing system_s32k144.o(.text.SystemSoftwareReset), (48 bytes).
    Removing system_s32k144.o(.ARM.exidx.text.SystemSoftwareReset), (8 bytes).
    Removing system_s32k144.o(.data.SystemCoreClock), (4 bytes).
    Removing system_s32k144.o(.rodata.SystemCoreClockUpdate.fircFreq), (4 bytes).

87 unused section(s) (total 3002 bytes) removed from the image.

==============================================================================

Image Symbol Table

    Local Symbols

    Symbol Name                              Value     Ov Type        Size  Object(Section)

    ../clib/angel/boardlib.s                 0x00000000   Number         0  boardinit1.o ABSOLUTE
    ../clib/angel/boardlib.s                 0x00000000   Number         0  boardinit2.o ABSOLUTE
    ../clib/angel/boardlib.s                 0x00000000   Number         0  boardinit3.o ABSOLUTE
    ../clib/angel/boardlib.s                 0x00000000   Number         0  boardshut.o ABSOLUTE
    ../clib/angel/handlers.s                 0x00000000   Number         0  __scatter_copy.o ABSOLUTE
    ../clib/angel/handlers.s                 0x00000000   Number         0  __scatter_zi.o ABSOLUTE
    ../clib/angel/kernel.s                   0x00000000   Number         0  __rtentry.o ABSOLUTE
    ../clib/angel/kernel.s                   0x00000000   Number         0  __rtentry2.o ABSOLUTE
    ../clib/angel/kernel.s                   0x00000000   Number         0  __rtentry4.o ABSOLUTE
    ../clib/angel/kernel.s                   0x00000000   Number         0  __rtentry7.o ABSOLUTE
    ../clib/angel/kernel.s                   0x00000000   Number         0  rtexit.o ABSOLUTE
    ../clib/angel/kernel.s                   0x00000000   Number         0  rtexit2.o ABSOLUTE
    ../clib/angel/rt.s                       0x00000000   Number         0  rt_raise.o ABSOLUTE
    ../clib/angel/scatter.s                  0x00000000   Number         0  __scatter.o ABSOLUTE
    ../clib/angel/startup.s                  0x00000000   Number         0  __main.o ABSOLUTE
    ../clib/angel/sys.s                      0x00000000   Number         0  sys_stackheap_outer.o ABSOLUTE
    ../clib/angel/sys.s                      0x00000000   Number         0  libspace.o ABSOLUTE
    ../clib/angel/sys.s                      0x00000000   Number         0  sys_stackheap.o ABSOLUTE
    ../clib/angel/sys.s                      0x00000000   Number         0  sys_stackheap_hlt.o ABSOLUTE
    ../clib/angel/sys.s                      0x00000000   Number         0  use_no_semi.o ABSOLUTE
    ../clib/angel/sys.s                      0x00000000   Number         0  indicate_semi.o ABSOLUTE
    ../clib/angel/sysapp.c                   0x00000000   Number         0  sys_exit.o ABSOLUTE
    ../clib/angel/sysapp.c                   0x00000000   Number         0  sys_exit_hlt.o ABSOLUTE
    ../clib/angel/sysapp.c                   0x00000000   Number         0  sys_command.o ABSOLUTE
    ../clib/angel/sysapp.c                   0x00000000   Number         0  sys_command_hlt.o ABSOLUTE
    ../clib/angel/sysapp.c                   0x00000000   Number         0  sys_wrch.o ABSOLUTE
    ../clib/angel/sysapp.c                   0x00000000   Number         0  sys_wrch_hlt.o ABSOLUTE
    ../clib/armsys.c                         0x00000000   Number         0  argv_veneer.o ABSOLUTE
    ../clib/armsys.c                         0x00000000   Number         0  argv_veneer.o ABSOLUTE
    ../clib/armsys.c                         0x00000000   Number         0  _get_argv_nomalloc.o ABSOLUTE
    ../clib/armsys.c                         0x00000000   Number         0  no_argv.o ABSOLUTE
    ../clib/heapalloc.c                      0x00000000   Number         0  hrguard.o ABSOLUTE
    ../clib/libinit.s                        0x00000000   Number         0  libinit.o ABSOLUTE
    ../clib/libinit.s                        0x00000000   Number         0  libinit2.o ABSOLUTE
    ../clib/libinit.s                        0x00000000   Number         0  libinit5.o ABSOLUTE
    ../clib/libinit.s                        0x00000000   Number         0  libshutdown.o ABSOLUTE
    ../clib/libinit.s                        0x00000000   Number         0  libshutdown2.o ABSOLUTE
    ../clib/memcpset.s                       0x00000000   Number         0  rt_memcpy_v6.o ABSOLUTE
    ../clib/memcpset.s                       0x00000000   Number         0  rt_memcpy_w.o ABSOLUTE
    ../clib/signal.c                         0x00000000   Number         0  defsig_rtmem_outer.o ABSOLUTE
    ../clib/signal.c                         0x00000000   Number         0  defsig_rtmem_formal.o ABSOLUTE
    ../clib/signal.c                         0x00000000   Number         0  defsig_exit.o ABSOLUTE
    ../clib/signal.c                         0x00000000   Number         0  defsig_rtmem_inner.o ABSOLUTE
    ../clib/signal.c                         0x00000000   Number         0  __raise.o ABSOLUTE
    ../clib/signal.c                         0x00000000   Number         0  defsig_general.o ABSOLUTE
    ../clib/signal.c                         0x00000000   Number         0  defsig_abrt_inner.o ABSOLUTE
    ../clib/signal.c                         0x00000000   Number         0  defsig_fpe_inner.o ABSOLUTE
    ../clib/signal.c                         0x00000000   Number         0  defsig_rtred_inner.o ABSOLUTE
    ../clib/signal.c                         0x00000000   Number         0  defsig_stak_inner.o ABSOLUTE
    ../clib/signal.c                         0x00000000   Number         0  defsig_pvfn_inner.o ABSOLUTE
    ../clib/signal.c                         0x00000000   Number         0  defsig_cppl_inner.o ABSOLUTE
    ../clib/signal.c                         0x00000000   Number         0  defsig_segv_inner.o ABSOLUTE
    ../clib/signal.c                         0x00000000   Number         0  defsig_other.o ABSOLUTE
    ../clib/signal.s                         0x00000000   Number         0  defsig.o ABSOLUTE
    ../clib/stdlib.c                         0x00000000   Number         0  exit.o ABSOLUTE
    ../clib/string.c                         0x00000000   Number         0  strlen.o ABSOLUTE
    ../fplib/fpinit.s                        0x00000000   Number         0  fpinit.o ABSOLUTE
    FTFC.c                                   0x00000000   Number         0  ftfc.o ABSOLUTE
    GPIO_Config.c                            0x00000000   Number         0  gpio_config.o ABSOLUTE
    LPIT_Config.c                            0x00000000   Number         0  lpit_config.o ABSOLUTE
    LPSPI_Config.c                           0x00000000   Number         0  lpspi_config.o ABSOLUTE
    MAX7219.c                                0x00000000   Number         0  max7219.o ABSOLUTE
    RTE\Device\S32K144HAxxxLLx\startup_S32K144.S 0x00000000   Number         0  startup_s32k144.o ABSOLUTE
    UART_Config.c                            0x00000000   Number         0  uart_config.o ABSOLUTE
    clock_and_modes.c                        0x00000000   Number         0  clock_and_modes.o ABSOLUTE
    dc.s                                     0x00000000   Number         0  dc.o ABSOLUTE
    main.c                                   0x00000000   Number         0  main.o ABSOLUTE
    startup.c                                0x00000000   Number         0  startup.o ABSOLUTE
    system_S32K144.c                         0x00000000   Number         0  system_s32k144.o ABSOLUTE
    RESET                                    0x00000000   Section      560  startup_s32k144.o(RESET)
    FlashConfig                              0x00000400   Section       16  startup_s32k144.o(FlashConfig)
    s_vectors                                0x00000410   Data           4  startup.o(.rodata.s_vectors)
    [Anonymous Symbol]                       0x00000410   Section        0  startup.o(.rodata.s_vectors)
    !!!main                                  0x00000414   Section        8  __main.o(!!!main)
    !!!scatter                               0x0000041c   Section       92  __scatter.o(!!!scatter)
    !!handler_copy                           0x00000478   Section       26  __scatter_copy.o(!!handler_copy)
    !!handler_null                           0x00000494   Section        2  __scatter.o(!!handler_null)
    !!handler_zi                             0x00000498   Section       28  __scatter_zi.o(!!handler_zi)
    .ARM.Collect$$libinit$$00000000          0x000004b4   Section        2  libinit.o(.ARM.Collect$$libinit$$00000000)
    .ARM.Collect$$libinit$$00000001          0x000004b6   Section        4  libinit2.o(.ARM.Collect$$libinit$$00000001)
    .ARM.Collect$$libinit$$00000004          0x000004ba   Section        0  libinit2.o(.ARM.Collect$$libinit$$00000004)
    .ARM.Collect$$libinit$$00000006          0x000004ba   Section        0  libinit2.o(.ARM.Collect$$libinit$$00000006)
    .ARM.Collect$$libinit$$0000000C          0x000004ba   Section        0  libinit2.o(.ARM.Collect$$libinit$$0000000C)
    .ARM.Collect$$libinit$$0000000E          0x000004ba   Section        0  libinit2.o(.ARM.Collect$$libinit$$0000000E)
    .ARM.Collect$$libinit$$00000010          0x000004ba   Section        0  libinit2.o(.ARM.Collect$$libinit$$00000010)
    .ARM.Collect$$libinit$$00000013          0x000004ba   Section        0  libinit2.o(.ARM.Collect$$libinit$$00000013)
    .ARM.Collect$$libinit$$00000015          0x000004ba   Section        0  libinit2.o(.ARM.Collect$$libinit$$00000015)
    .ARM.Collect$$libinit$$00000017          0x000004ba   Section        0  libinit2.o(.ARM.Collect$$libinit$$00000017)
    .ARM.Collect$$libinit$$00000019          0x000004ba   Section        0  libinit2.o(.ARM.Collect$$libinit$$00000019)
    .ARM.Collect$$libinit$$0000001B          0x000004ba   Section        0  libinit2.o(.ARM.Collect$$libinit$$0000001B)
    .ARM.Collect$$libinit$$0000001D          0x000004ba   Section        0  libinit2.o(.ARM.Collect$$libinit$$0000001D)
    .ARM.Collect$$libinit$$0000001F          0x000004ba   Section        0  libinit2.o(.ARM.Collect$$libinit$$0000001F)
    .ARM.Collect$$libinit$$00000021          0x000004ba   Section        0  libinit2.o(.ARM.Collect$$libinit$$00000021)
    .ARM.Collect$$libinit$$00000023          0x000004ba   Section        0  libinit2.o(.ARM.Collect$$libinit$$00000023)
    .ARM.Collect$$libinit$$00000025          0x000004ba   Section        0  libinit2.o(.ARM.Collect$$libinit$$00000025)
    .ARM.Collect$$libinit$$00000027          0x000004ba   Section        0  libinit2.o(.ARM.Collect$$libinit$$00000027)
    .ARM.Collect$$libinit$$0000002E          0x000004ba   Section        0  libinit2.o(.ARM.Collect$$libinit$$0000002E)
    .ARM.Collect$$libinit$$00000030          0x000004ba   Section        0  libinit2.o(.ARM.Collect$$libinit$$00000030)
    .ARM.Collect$$libinit$$00000032          0x000004ba   Section        0  libinit2.o(.ARM.Collect$$libinit$$00000032)
    .ARM.Collect$$libinit$$00000034          0x000004ba   Section        0  libinit2.o(.ARM.Collect$$libinit$$00000034)
    .ARM.Collect$$libinit$$00000035          0x000004ba   Section        2  libinit2.o(.ARM.Collect$$libinit$$00000035)
    .ARM.Collect$$libshutdown$$00000000      0x000004bc   Section        2  libshutdown.o(.ARM.Collect$$libshutdown$$00000000)
    .ARM.Collect$$libshutdown$$00000002      0x000004be   Section        0  libshutdown2.o(.ARM.Collect$$libshutdown$$00000002)
    .ARM.Collect$$libshutdown$$00000004      0x000004be   Section        0  libshutdown2.o(.ARM.Collect$$libshutdown$$00000004)
    .ARM.Collect$$libshutdown$$00000007      0x000004be   Section        0  libshutdown2.o(.ARM.Collect$$libshutdown$$00000007)
    .ARM.Collect$$libshutdown$$0000000A      0x000004be   Section        0  libshutdown2.o(.ARM.Collect$$libshutdown$$0000000A)
    .ARM.Collect$$libshutdown$$0000000C      0x000004be   Section        0  libshutdown2.o(.ARM.Collect$$libshutdown$$0000000C)
    .ARM.Collect$$libshutdown$$0000000F      0x000004be   Section        0  libshutdown2.o(.ARM.Collect$$libshutdown$$0000000F)
    .ARM.Collect$$libshutdown$$00000010      0x000004be   Section        2  libshutdown2.o(.ARM.Collect$$libshutdown$$00000010)
    .ARM.Collect$$rtentry$$00000000          0x000004c0   Section        0  __rtentry.o(.ARM.Collect$$rtentry$$00000000)
    .ARM.Collect$$rtentry$$00000002          0x000004c0   Section        0  __rtentry2.o(.ARM.Collect$$rtentry$$00000002)
    .ARM.Collect$$rtentry$$00000007          0x000004c0   Section        4  __rtentry7.o(.ARM.Collect$$rtentry$$00000007)
    .ARM.Collect$$rtentry$$00000009          0x000004c4   Section        0  __rtentry2.o(.ARM.Collect$$rtentry$$00000009)
    .ARM.Collect$$rtentry$$0000000A          0x000004c4   Section        4  __rtentry2.o(.ARM.Collect$$rtentry$$0000000A)
    .ARM.Collect$$rtentry$$0000000C          0x000004c8   Section        0  __rtentry2.o(.ARM.Collect$$rtentry$$0000000C)
    .ARM.Collect$$rtentry$$0000000D          0x000004c8   Section        8  __rtentry2.o(.ARM.Collect$$rtentry$$0000000D)
    __lit__00000000                          0x000004d0   Data           4  __rtentry7.o(.ARM.Collect$$rtentry$$00002718)
    .ARM.Collect$$rtentry$$00002718          0x000004d0   Section        4  __rtentry7.o(.ARM.Collect$$rtentry$$00002718)
    .ARM.Collect$$rtexit$$00000000           0x000004d4   Section        2  rtexit.o(.ARM.Collect$$rtexit$$00000000)
    .ARM.Collect$$rtexit$$00000002           0x000004d6   Section        0  rtexit2.o(.ARM.Collect$$rtexit$$00000002)
    .ARM.Collect$$rtexit$$00000003           0x000004d6   Section        4  rtexit2.o(.ARM.Collect$$rtexit$$00000003)
    .ARM.Collect$$rtexit$$00000004           0x000004da   Section        6  rtexit2.o(.ARM.Collect$$rtexit$$00000004)
    .text                                    0x000004e0   Section      156  startup_s32k144.o(.text)
    $v0                                      0x00000534   Number         0  startup_s32k144.o(.text)
    .text                                    0x0000057c   Section        0  strlen.o(.text)
    .text                                    0x000005ba   Section      138  rt_memcpy_v6.o(.text)
    .text                                    0x00000644   Section      100  rt_memcpy_w.o(.text)
    .text                                    0x000006a8   Section        0  exit.o(.text)
    .text                                    0x000006ba   Section        2  use_no_semi.o(.text)
    .text                                    0x000006bc   Section        0  indicate_semi.o(.text)
    .text                                    0x000006bc   Section        0  sys_exit.o(.text)
    [Anonymous Symbol]                       0x000006c8   Section        0  main.o(.text.CalculateCheckSum)
    [Anonymous Symbol]                       0x00000758   Section        0  main.o(.text.DayinMonth)
    [Anonymous Symbol]                       0x00000820   Section        0  gpio_config.o(.text.GPIO_Input_Config)
    [Anonymous Symbol]                       0x000009c8   Section        0  gpio_config.o(.text.GPIO_Input_Interrupt_Config)
    [Anonymous Symbol]                       0x00000b0c   Section        0  gpio_config.o(.text.GPIO_Output_Config)
    [Anonymous Symbol]                       0x00000cb4   Section        0  main.o(.text.LPIT0_Ch0_IRQHandler)
    [Anonymous Symbol]                       0x00000e0c   Section        0  main.o(.text.LPIT0_Ch1_IRQHandler)
    [Anonymous Symbol]                       0x00000e40   Section        0  main.o(.text.LPIT0_Ch2_IRQHandler)
    [Anonymous Symbol]                       0x00000e74   Section        0  lpit_config.o(.text.LPIT_Config)
    [Anonymous Symbol]                       0x00000f38   Section        0  lpit_config.o(.text.LPIT_Disable)
    [Anonymous Symbol]                       0x00000f54   Section        0  lpspi_config.o(.text.LPSPI1_CONFIG)
    [Anonymous Symbol]                       0x000010d8   Section        0  main.o(.text.LPUART1_RxTx_IRQHandler)
    [Anonymous Symbol]                       0x00001188   Section        0  main.o(.text.MAX7219DisplayMode)
    [Anonymous Symbol]                       0x00001270   Section        0  max7219.o(.text.MAX7219_DateDisplay)
    [Anonymous Symbol]                       0x00001360   Section        0  max7219.o(.text.MAX7219_Display)
    [Anonymous Symbol]                       0x00001388   Section        0  max7219.o(.text.MAX7219_Innit)
    [Anonymous Symbol]                       0x000013ac   Section        0  max7219.o(.text.MAX7219_Intensity)
    [Anonymous Symbol]                       0x000013c0   Section        0  max7219.o(.text.MAX7219_TimeDisplay)
    [Anonymous Symbol]                       0x00001468   Section        0  clock_and_modes.o(.text.NORMAL_RUN_MODE)
    [Anonymous Symbol]                       0x0000151c   Section        0  main.o(.text.PORTC_IRQHandler)
    [Anonymous Symbol]                       0x000015e0   Section        0  lpspi_config.o(.text.PORT_SPI_CONFIG)
    [Anonymous Symbol]                       0x00001634   Section        0  main.o(.text.ProcessReceiveData)
    [Anonymous Symbol]                       0x00001784   Section        0  main.o(.text.ProcessTransmitData)
    [Anonymous Symbol]                       0x00001938   Section        0  clock_and_modes.o(.text.SOSC_INIT_8MHZ)
    [Anonymous Symbol]                       0x000019f8   Section        0  lpspi_config.o(.text.SPI1_Send)
    [Anonymous Symbol]                       0x00001a24   Section        0  clock_and_modes.o(.text.SPLL_INIT)
    [Anonymous Symbol]                       0x00001b8c   Section        0  system_s32k144.o(.text.SystemInit)
    [Anonymous Symbol]                       0x00001be0   Section        0  uart_config.o(.text.UART1_Interrupt_Config)
    [Anonymous Symbol]                       0x00001e4c   Section        0  uart_config.o(.text.UART1_SendChar)
    [Anonymous Symbol]                       0x00001e7c   Section        0  uart_config.o(.text.UART1_SendString)
    [Anonymous Symbol]                       0x00001ea8   Section        0  startup.o(.text.init_data_bss)
    [Anonymous Symbol]                       0x00001f48   Section        0  main.o(.text.main)
    $v0                                      0x0000216c   Number         0  fpinit.o(x$fpl$fpinit)
    x$fpl$fpinit                             0x0000216c   Section       26  fpinit.o(x$fpl$fpinit)

    Global Symbols

    Symbol Name                              Value     Ov Type        Size  Object(Section)

    BuildAttributes$$THM_ISAv4$E$P$D$K$B$S$7EM$VFPi3$EXTD16$VFPS$VFMA$PE$A:L22UL41UL21$X:L11$S22US41US21$IEEE1$IW$~IW$USESV6$~STKCKD$USESV7$~SHL$OSPACE$ROPI$EBA8$UX$STANDARDLIB$REQ8$PRES8$EABIv2 0x00000000   Number         0  anon$$obj.o ABSOLUTE
    Image$$RW_m_code$$Length                 0x00000000   Number         0  anon$$obj.o ABSOLUTE
    Image$$VECTOR_RAM$$Length                0x00000000   Number         0  anon$$obj.o ABSOLUTE
    Image$$VECTOR_ROM$$Base                  0x00000000   Number         0  anon$$obj.o ABSOLUTE
    __Vectors                                0x00000000   Data           4  startup_s32k144.o(RESET)
    Image$$ZI$$Limit                          - Undefined Weak Reference
    __ARM_exceptions_init                     - Undefined Weak Reference
    __alloca_initialize                       - Undefined Weak Reference
    __arm_preinit_                            - Undefined Weak Reference
    __arm_relocate_pie_                       - Undefined Weak Reference
    __cpp_initialize__aeabi_                  - Undefined Weak Reference
    __cxa_finalize                            - Undefined Weak Reference
    __rt_locale                               - Undefined Weak Reference
    __sigvec_lookup                           - Undefined Weak Reference
    _atexit_init                              - Undefined Weak Reference
    _call_atexit_fns                          - Undefined Weak Reference
    _clock_init                               - Undefined Weak Reference
    _fp_trap_init                             - Undefined Weak Reference
    _fp_trap_shutdown                         - Undefined Weak Reference
    _get_lc_collate                           - Undefined Weak Reference
    _get_lc_ctype                             - Undefined Weak Reference
    _get_lc_monetary                          - Undefined Weak Reference
    _get_lc_numeric                           - Undefined Weak Reference
    _get_lc_time                              - Undefined Weak Reference
    _getenv_init                              - Undefined Weak Reference
    _handle_redirection                       - Undefined Weak Reference
    _init_alloc                               - Undefined Weak Reference
    _init_user_alloc                          - Undefined Weak Reference
    _initio                                   - Undefined Weak Reference
    _rand_init                                - Undefined Weak Reference
    _signal_finish                            - Undefined Weak Reference
    _signal_init                              - Undefined Weak Reference
    _terminate_alloc                          - Undefined Weak Reference
    _terminate_user_alloc                     - Undefined Weak Reference
    _terminateio                              - Undefined Weak Reference
    Image$$RW_m_data$$Length                 0x00000020   Number         0  anon$$obj.o ABSOLUTE
    Image$$VECTOR_ROM$$Length                0x00000230   Number         0  anon$$obj.o ABSOLUTE
    Image$$VECTOR_ROM$$Limit                 0x00000230   Number         0  anon$$obj.o ABSOLUTE
    Image$$ER_m_text_const$$Base             0x00000410   Number         0  anon$$obj.o ABSOLUTE
    Image$$ER_m_text_const$$Limit            0x00000414   Number         0  anon$$obj.o ABSOLUTE
    __main                                   0x00000415   Thumb Code     8  __main.o(!!!main)
    __scatterload                            0x0000041d   Thumb Code     0  __scatter.o(!!!scatter)
    __scatterload_rt2                        0x0000041d   Thumb Code    84  __scatter.o(!!!scatter)
    __scatterload_rt2_thumb_only             0x0000041d   Thumb Code     0  __scatter.o(!!!scatter)
    __scatterload_loop                       0x00000427   Thumb Code     0  __scatter.o(!!!scatter)
    __scatterload_copy                       0x00000479   Thumb Code    26  __scatter_copy.o(!!handler_copy)
    __scatterload_null                       0x00000495   Thumb Code     2  __scatter.o(!!handler_null)
    __scatterload_zeroinit                   0x00000499   Thumb Code    28  __scatter_zi.o(!!handler_zi)
    __rt_lib_init                            0x000004b5   Thumb Code     0  libinit.o(.ARM.Collect$$libinit$$00000000)
    __rt_lib_init_fp_1                       0x000004b7   Thumb Code     0  libinit2.o(.ARM.Collect$$libinit$$00000001)
    __rt_lib_init_alloca_1                   0x000004bb   Thumb Code     0  libinit2.o(.ARM.Collect$$libinit$$00000030)
    __rt_lib_init_argv_1                     0x000004bb   Thumb Code     0  libinit2.o(.ARM.Collect$$libinit$$0000002E)
    __rt_lib_init_atexit_1                   0x000004bb   Thumb Code     0  libinit2.o(.ARM.Collect$$libinit$$0000001D)
    __rt_lib_init_clock_1                    0x000004bb   Thumb Code     0  libinit2.o(.ARM.Collect$$libinit$$00000023)
    __rt_lib_init_cpp_1                      0x000004bb   Thumb Code     0  libinit2.o(.ARM.Collect$$libinit$$00000034)
    __rt_lib_init_exceptions_1               0x000004bb   Thumb Code     0  libinit2.o(.ARM.Collect$$libinit$$00000032)
    __rt_lib_init_fp_trap_1                  0x000004bb   Thumb Code     0  libinit2.o(.ARM.Collect$$libinit$$00000021)
    __rt_lib_init_getenv_1                   0x000004bb   Thumb Code     0  libinit2.o(.ARM.Collect$$libinit$$00000025)
    __rt_lib_init_heap_1                     0x000004bb   Thumb Code     0  libinit2.o(.ARM.Collect$$libinit$$0000000C)
    __rt_lib_init_lc_collate_1               0x000004bb   Thumb Code     0  libinit2.o(.ARM.Collect$$libinit$$00000013)
    __rt_lib_init_lc_ctype_1                 0x000004bb   Thumb Code     0  libinit2.o(.ARM.Collect$$libinit$$00000015)
    __rt_lib_init_lc_monetary_1              0x000004bb   Thumb Code     0  libinit2.o(.ARM.Collect$$libinit$$00000017)
    __rt_lib_init_lc_numeric_1               0x000004bb   Thumb Code     0  libinit2.o(.ARM.Collect$$libinit$$00000019)
    __rt_lib_init_lc_time_1                  0x000004bb   Thumb Code     0  libinit2.o(.ARM.Collect$$libinit$$0000001B)
    __rt_lib_init_preinit_1                  0x000004bb   Thumb Code     0  libinit2.o(.ARM.Collect$$libinit$$00000006)
    __rt_lib_init_rand_1                     0x000004bb   Thumb Code     0  libinit2.o(.ARM.Collect$$libinit$$00000010)
    __rt_lib_init_relocate_pie_1             0x000004bb   Thumb Code     0  libinit2.o(.ARM.Collect$$libinit$$00000004)
    __rt_lib_init_return                     0x000004bb   Thumb Code     0  libinit2.o(.ARM.Collect$$libinit$$00000035)
    __rt_lib_init_signal_1                   0x000004bb   Thumb Code     0  libinit2.o(.ARM.Collect$$libinit$$0000001F)
    __rt_lib_init_stdio_1                    0x000004bb   Thumb Code     0  libinit2.o(.ARM.Collect$$libinit$$00000027)
    __rt_lib_init_user_alloc_1               0x000004bb   Thumb Code     0  libinit2.o(.ARM.Collect$$libinit$$0000000E)
    __rt_lib_shutdown                        0x000004bd   Thumb Code     0  libshutdown.o(.ARM.Collect$$libshutdown$$00000000)
    __rt_lib_shutdown_cpp_1                  0x000004bf   Thumb Code     0  libshutdown2.o(.ARM.Collect$$libshutdown$$00000002)
    __rt_lib_shutdown_fp_trap_1              0x000004bf   Thumb Code     0  libshutdown2.o(.ARM.Collect$$libshutdown$$00000007)
    __rt_lib_shutdown_heap_1                 0x000004bf   Thumb Code     0  libshutdown2.o(.ARM.Collect$$libshutdown$$0000000F)
    __rt_lib_shutdown_return                 0x000004bf   Thumb Code     0  libshutdown2.o(.ARM.Collect$$libshutdown$$00000010)
    __rt_lib_shutdown_signal_1               0x000004bf   Thumb Code     0  libshutdown2.o(.ARM.Collect$$libshutdown$$0000000A)
    __rt_lib_shutdown_stdio_1                0x000004bf   Thumb Code     0  libshutdown2.o(.ARM.Collect$$libshutdown$$00000004)
    __rt_lib_shutdown_user_alloc_1           0x000004bf   Thumb Code     0  libshutdown2.o(.ARM.Collect$$libshutdown$$0000000C)
    __rt_entry                               0x000004c1   Thumb Code     0  __rtentry.o(.ARM.Collect$$rtentry$$00000000)
    __rt_entry_presh_1                       0x000004c1   Thumb Code     0  __rtentry2.o(.ARM.Collect$$rtentry$$00000002)
    __rt_entry_sh                            0x000004c1   Thumb Code     0  __rtentry7.o(.ARM.Collect$$rtentry$$00000007)
    __rt_entry_li                            0x000004c5   Thumb Code     0  __rtentry2.o(.ARM.Collect$$rtentry$$0000000A)
    __rt_entry_postsh_1                      0x000004c5   Thumb Code     0  __rtentry2.o(.ARM.Collect$$rtentry$$00000009)
    __rt_entry_main                          0x000004c9   Thumb Code     0  __rtentry2.o(.ARM.Collect$$rtentry$$0000000D)
    __rt_entry_postli_1                      0x000004c9   Thumb Code     0  __rtentry2.o(.ARM.Collect$$rtentry$$0000000C)
    __rt_exit                                0x000004d5   Thumb Code     0  rtexit.o(.ARM.Collect$$rtexit$$00000000)
    __rt_exit_ls                             0x000004d7   Thumb Code     0  rtexit2.o(.ARM.Collect$$rtexit$$00000003)
    __rt_exit_prels_1                        0x000004d7   Thumb Code     0  rtexit2.o(.ARM.Collect$$rtexit$$00000002)
    __rt_exit_exit                           0x000004db   Thumb Code     0  rtexit2.o(.ARM.Collect$$rtexit$$00000004)
    __RAM_VECTOR_TABLE_SIZE                  0x000004e0   Data           4  startup_s32k144.o(.text)
    __VECTOR_RAM                             0x000004e4   Data           4  startup_s32k144.o(.text)
    __VECTOR_ROM                             0x000004e8   Data           4  startup_s32k144.o(.text)
    __VECTOR_ROM_START                       0x000004ec   Data           4  startup_s32k144.o(.text)
    __VECTOR_ROM_END                         0x000004f0   Data           4  startup_s32k144.o(.text)
    __CODE_ROM                               0x000004f4   Data           4  startup_s32k144.o(.text)
    __CODE_END                               0x000004f8   Data           4  startup_s32k144.o(.text)
    __CODE_RAM                               0x000004fc   Data           4  startup_s32k144.o(.text)
    __CODE_RAM_START                         0x00000500   Data           4  startup_s32k144.o(.text)
    __CODE_RAM_END                           0x00000504   Data           4  startup_s32k144.o(.text)
    __BSS_START                              0x00000508   Data           4  startup_s32k144.o(.text)
    __BSS_END                                0x0000050c   Data           4  startup_s32k144.o(.text)
    __DATA_RAM                               0x00000510   Data           4  startup_s32k144.o(.text)
    __DATA_RAM_START                         0x00000514   Data           4  startup_s32k144.o(.text)
    __DATA_RAM_END                           0x00000518   Data           4  startup_s32k144.o(.text)
    __DATA_ROM                               0x0000051c   Data           4  startup_s32k144.o(.text)
    __DATA_END                               0x00000520   Data           4  startup_s32k144.o(.text)
    __CUSTOM_SECTION_START                   0x00000524   Data           4  startup_s32k144.o(.text)
    __CUSTOM_SECTION_END                     0x00000528   Data           4  startup_s32k144.o(.text)
    __RAM_START                              0x0000052c   Data           4  startup_s32k144.o(.text)
    __RAM_END                                0x00000530   Data           4  startup_s32k144.o(.text)
    Reset_Handler                            0x00000535   Thumb Code    28  startup_s32k144.o(.text)
    NMI_Handler                              0x00000551   Thumb Code     2  startup_s32k144.o(.text)
    HardFault_Handler                        0x00000553   Thumb Code     2  startup_s32k144.o(.text)
    MemManage_Handler                        0x00000555   Thumb Code     2  startup_s32k144.o(.text)
    BusFault_Handler                         0x00000557   Thumb Code     2  startup_s32k144.o(.text)
    UsageFault_Handler                       0x00000559   Thumb Code     2  startup_s32k144.o(.text)
    SVC_Handler                              0x0000055b   Thumb Code     2  startup_s32k144.o(.text)
    DebugMon_Handler                         0x0000055d   Thumb Code     2  startup_s32k144.o(.text)
    PendSV_Handler                           0x0000055f   Thumb Code     2  startup_s32k144.o(.text)
    SysTick_Handler                          0x00000561   Thumb Code     2  startup_s32k144.o(.text)
    DefaultISR                               0x00000563   Thumb Code     2  startup_s32k144.o(.text)
    ADC0_IRQHandler                          0x00000565   Thumb Code     0  startup_s32k144.o(.text)
    ADC1_IRQHandler                          0x00000565   Thumb Code     0  startup_s32k144.o(.text)
    CAN0_Error_IRQHandler                    0x00000565   Thumb Code     0  startup_s32k144.o(.text)
    CAN0_ORed_0_15_MB_IRQHandler             0x00000565   Thumb Code     0  startup_s32k144.o(.text)
    CAN0_ORed_16_31_MB_IRQHandler            0x00000565   Thumb Code     0  startup_s32k144.o(.text)
    CAN0_ORed_IRQHandler                     0x00000565   Thumb Code     0  startup_s32k144.o(.text)
    CAN0_Wake_Up_IRQHandler                  0x00000565   Thumb Code     0  startup_s32k144.o(.text)
    CAN1_Error_IRQHandler                    0x00000565   Thumb Code     0  startup_s32k144.o(.text)
    CAN1_ORed_0_15_MB_IRQHandler             0x00000565   Thumb Code     0  startup_s32k144.o(.text)
    CAN1_ORed_IRQHandler                     0x00000565   Thumb Code     0  startup_s32k144.o(.text)
    CAN2_Error_IRQHandler                    0x00000565   Thumb Code     0  startup_s32k144.o(.text)
    CAN2_ORed_0_15_MB_IRQHandler             0x00000565   Thumb Code     0  startup_s32k144.o(.text)
    CAN2_ORed_IRQHandler                     0x00000565   Thumb Code     0  startup_s32k144.o(.text)
    CMP0_IRQHandler                          0x00000565   Thumb Code     0  startup_s32k144.o(.text)
    DMA0_IRQHandler                          0x00000565   Thumb Code     0  startup_s32k144.o(.text)
    DMA10_IRQHandler                         0x00000565   Thumb Code     0  startup_s32k144.o(.text)
    DMA11_IRQHandler                         0x00000565   Thumb Code     0  startup_s32k144.o(.text)
    DMA12_IRQHandler                         0x00000565   Thumb Code     0  startup_s32k144.o(.text)
    DMA13_IRQHandler                         0x00000565   Thumb Code     0  startup_s32k144.o(.text)
    DMA14_IRQHandler                         0x00000565   Thumb Code     0  startup_s32k144.o(.text)
    DMA15_IRQHandler                         0x00000565   Thumb Code     0  startup_s32k144.o(.text)
    DMA1_IRQHandler                          0x00000565   Thumb Code     0  startup_s32k144.o(.text)
    DMA2_IRQHandler                          0x00000565   Thumb Code     0  startup_s32k144.o(.text)
    DMA3_IRQHandler                          0x00000565   Thumb Code     0  startup_s32k144.o(.text)
    DMA4_IRQHandler                          0x00000565   Thumb Code     0  startup_s32k144.o(.text)
    DMA5_IRQHandler                          0x00000565   Thumb Code     0  startup_s32k144.o(.text)
    DMA6_IRQHandler                          0x00000565   Thumb Code     0  startup_s32k144.o(.text)
    DMA7_IRQHandler                          0x00000565   Thumb Code     0  startup_s32k144.o(.text)
    DMA8_IRQHandler                          0x00000565   Thumb Code     0  startup_s32k144.o(.text)
    DMA9_IRQHandler                          0x00000565   Thumb Code     0  startup_s32k144.o(.text)
    DMA_Error_IRQHandler                     0x00000565   Thumb Code     0  startup_s32k144.o(.text)
    ERM_double_fault_IRQHandler              0x00000565   Thumb Code     0  startup_s32k144.o(.text)
    ERM_single_fault_IRQHandler              0x00000565   Thumb Code     0  startup_s32k144.o(.text)
    FLEXIO_IRQHandler                        0x00000565   Thumb Code     0  startup_s32k144.o(.text)
    FTFC_Fault_IRQHandler                    0x00000565   Thumb Code     0  startup_s32k144.o(.text)
    FTFC_IRQHandler                          0x00000565   Thumb Code     0  startup_s32k144.o(.text)
    FTM0_Ch0_Ch1_IRQHandler                  0x00000565   Thumb Code     0  startup_s32k144.o(.text)
    FTM0_Ch2_Ch3_IRQHandler                  0x00000565   Thumb Code     0  startup_s32k144.o(.text)
    FTM0_Ch4_Ch5_IRQHandler                  0x00000565   Thumb Code     0  startup_s32k144.o(.text)
    FTM0_Ch6_Ch7_IRQHandler                  0x00000565   Thumb Code     0  startup_s32k144.o(.text)
    FTM0_Fault_IRQHandler                    0x00000565   Thumb Code     0  startup_s32k144.o(.text)
    FTM0_Ovf_Reload_IRQHandler               0x00000565   Thumb Code     0  startup_s32k144.o(.text)
    FTM1_Ch0_Ch1_IRQHandler                  0x00000565   Thumb Code     0  startup_s32k144.o(.text)
    FTM1_Ch2_Ch3_IRQHandler                  0x00000565   Thumb Code     0  startup_s32k144.o(.text)
    FTM1_Ch4_Ch5_IRQHandler                  0x00000565   Thumb Code     0  startup_s32k144.o(.text)
    FTM1_Ch6_Ch7_IRQHandler                  0x00000565   Thumb Code     0  startup_s32k144.o(.text)
    FTM1_Fault_IRQHandler                    0x00000565   Thumb Code     0  startup_s32k144.o(.text)
    FTM1_Ovf_Reload_IRQHandler               0x00000565   Thumb Code     0  startup_s32k144.o(.text)
    FTM2_Ch0_Ch1_IRQHandler                  0x00000565   Thumb Code     0  startup_s32k144.o(.text)
    FTM2_Ch2_Ch3_IRQHandler                  0x00000565   Thumb Code     0  startup_s32k144.o(.text)
    FTM2_Ch4_Ch5_IRQHandler                  0x00000565   Thumb Code     0  startup_s32k144.o(.text)
    FTM2_Ch6_Ch7_IRQHandler                  0x00000565   Thumb Code     0  startup_s32k144.o(.text)
    FTM2_Fault_IRQHandler                    0x00000565   Thumb Code     0  startup_s32k144.o(.text)
    FTM2_Ovf_Reload_IRQHandler               0x00000565   Thumb Code     0  startup_s32k144.o(.text)
    FTM3_Ch0_Ch1_IRQHandler                  0x00000565   Thumb Code     0  startup_s32k144.o(.text)
    FTM3_Ch2_Ch3_IRQHandler                  0x00000565   Thumb Code     0  startup_s32k144.o(.text)
    FTM3_Ch4_Ch5_IRQHandler                  0x00000565   Thumb Code     0  startup_s32k144.o(.text)
    FTM3_Ch6_Ch7_IRQHandler                  0x00000565   Thumb Code     0  startup_s32k144.o(.text)
    FTM3_Fault_IRQHandler                    0x00000565   Thumb Code     0  startup_s32k144.o(.text)
    FTM3_Ovf_Reload_IRQHandler               0x00000565   Thumb Code     0  startup_s32k144.o(.text)
    LPI2C0_Master_IRQHandler                 0x00000565   Thumb Code     0  startup_s32k144.o(.text)
    LPI2C0_Slave_IRQHandler                  0x00000565   Thumb Code     0  startup_s32k144.o(.text)
    LPIT0_Ch3_IRQHandler                     0x00000565   Thumb Code     0  startup_s32k144.o(.text)
    LPSPI0_IRQHandler                        0x00000565   Thumb Code     0  startup_s32k144.o(.text)
    LPSPI1_IRQHandler                        0x00000565   Thumb Code     0  startup_s32k144.o(.text)
    LPSPI2_IRQHandler                        0x00000565   Thumb Code     0  startup_s32k144.o(.text)
    LPTMR0_IRQHandler                        0x00000565   Thumb Code     0  startup_s32k144.o(.text)
    LPUART0_RxTx_IRQHandler                  0x00000565   Thumb Code     0  startup_s32k144.o(.text)
    LPUART2_RxTx_IRQHandler                  0x00000565   Thumb Code     0  startup_s32k144.o(.text)
    LVD_LVW_IRQHandler                       0x00000565   Thumb Code     0  startup_s32k144.o(.text)
    MCM_IRQHandler                           0x00000565   Thumb Code     0  startup_s32k144.o(.text)
    PDB0_IRQHandler                          0x00000565   Thumb Code     0  startup_s32k144.o(.text)
    PDB1_IRQHandler                          0x00000565   Thumb Code     0  startup_s32k144.o(.text)
    PORTA_IRQHandler                         0x00000565   Thumb Code     0  startup_s32k144.o(.text)
    PORTB_IRQHandler                         0x00000565   Thumb Code     0  startup_s32k144.o(.text)
    PORTD_IRQHandler                         0x00000565   Thumb Code     0  startup_s32k144.o(.text)
    PORTE_IRQHandler                         0x00000565   Thumb Code     0  startup_s32k144.o(.text)
    RCM_IRQHandler                           0x00000565   Thumb Code     0  startup_s32k144.o(.text)
    RTC_IRQHandler                           0x00000565   Thumb Code     0  startup_s32k144.o(.text)
    RTC_Seconds_IRQHandler                   0x00000565   Thumb Code     0  startup_s32k144.o(.text)
    Read_Collision_IRQHandler                0x00000565   Thumb Code     0  startup_s32k144.o(.text)
    Reserved100_IRQHandler                   0x00000565   Thumb Code     0  startup_s32k144.o(.text)
    Reserved103_IRQHandler                   0x00000565   Thumb Code     0  startup_s32k144.o(.text)
    Reserved105_IRQHandler                   0x00000565   Thumb Code     0  startup_s32k144.o(.text)
    Reserved106_IRQHandler                   0x00000565   Thumb Code     0  startup_s32k144.o(.text)
    Reserved107_IRQHandler                   0x00000565   Thumb Code     0  startup_s32k144.o(.text)
    Reserved110_IRQHandler                   0x00000565   Thumb Code     0  startup_s32k144.o(.text)
    Reserved112_IRQHandler                   0x00000565   Thumb Code     0  startup_s32k144.o(.text)
    Reserved113_IRQHandler                   0x00000565   Thumb Code     0  startup_s32k144.o(.text)
    Reserved114_IRQHandler                   0x00000565   Thumb Code     0  startup_s32k144.o(.text)
    Reserved45_IRQHandler                    0x00000565   Thumb Code     0  startup_s32k144.o(.text)
    Reserved46_IRQHandler                    0x00000565   Thumb Code     0  startup_s32k144.o(.text)
    Reserved48_IRQHandler                    0x00000565   Thumb Code     0  startup_s32k144.o(.text)
    Reserved50_IRQHandler                    0x00000565   Thumb Code     0  startup_s32k144.o(.text)
    Reserved52_IRQHandler                    0x00000565   Thumb Code     0  startup_s32k144.o(.text)
    Reserved53_IRQHandler                    0x00000565   Thumb Code     0  startup_s32k144.o(.text)
    Reserved54_IRQHandler                    0x00000565   Thumb Code     0  startup_s32k144.o(.text)
    Reserved58_IRQHandler                    0x00000565   Thumb Code     0  startup_s32k144.o(.text)
    Reserved59_IRQHandler                    0x00000565   Thumb Code     0  startup_s32k144.o(.text)
    Reserved69_IRQHandler                    0x00000565   Thumb Code     0  startup_s32k144.o(.text)
    Reserved70_IRQHandler                    0x00000565   Thumb Code     0  startup_s32k144.o(.text)
    Reserved71_IRQHandler                    0x00000565   Thumb Code     0  startup_s32k144.o(.text)
    Reserved72_IRQHandler                    0x00000565   Thumb Code     0  startup_s32k144.o(.text)
    Reserved81_IRQHandler                    0x00000565   Thumb Code     0  startup_s32k144.o(.text)
    Reserved82_IRQHandler                    0x00000565   Thumb Code     0  startup_s32k144.o(.text)
    Reserved83_IRQHandler                    0x00000565   Thumb Code     0  startup_s32k144.o(.text)
    Reserved86_IRQHandler                    0x00000565   Thumb Code     0  startup_s32k144.o(.text)
    Reserved87_IRQHandler                    0x00000565   Thumb Code     0  startup_s32k144.o(.text)
    Reserved88_IRQHandler                    0x00000565   Thumb Code     0  startup_s32k144.o(.text)
    Reserved89_IRQHandler                    0x00000565   Thumb Code     0  startup_s32k144.o(.text)
    Reserved90_IRQHandler                    0x00000565   Thumb Code     0  startup_s32k144.o(.text)
    Reserved91_IRQHandler                    0x00000565   Thumb Code     0  startup_s32k144.o(.text)
    Reserved92_IRQHandler                    0x00000565   Thumb Code     0  startup_s32k144.o(.text)
    Reserved93_IRQHandler                    0x00000565   Thumb Code     0  startup_s32k144.o(.text)
    Reserved99_IRQHandler                    0x00000565   Thumb Code     0  startup_s32k144.o(.text)
    SCG_IRQHandler                           0x00000565   Thumb Code     0  startup_s32k144.o(.text)
    SWI_IRQHandler                           0x00000565   Thumb Code     0  startup_s32k144.o(.text)
    WDOG_EWM_IRQHandler                      0x00000565   Thumb Code     0  startup_s32k144.o(.text)
    strlen                                   0x0000057d   Thumb Code    62  strlen.o(.text)
    __aeabi_memcpy                           0x000005bb   Thumb Code     0  rt_memcpy_v6.o(.text)
    __rt_memcpy                              0x000005bb   Thumb Code   138  rt_memcpy_v6.o(.text)
    _memcpy_lastbytes                        0x00000621   Thumb Code     0  rt_memcpy_v6.o(.text)
    __aeabi_memcpy4                          0x00000645   Thumb Code     0  rt_memcpy_w.o(.text)
    __aeabi_memcpy8                          0x00000645   Thumb Code     0  rt_memcpy_w.o(.text)
    __rt_memcpy_w                            0x00000645   Thumb Code   100  rt_memcpy_w.o(.text)
    _memcpy_lastbytes_aligned                0x0000068d   Thumb Code     0  rt_memcpy_w.o(.text)
    exit                                     0x000006a9   Thumb Code    18  exit.o(.text)
    __I$use$semihosting                      0x000006bb   Thumb Code     0  use_no_semi.o(.text)
    __use_no_semihosting_swi                 0x000006bb   Thumb Code     2  use_no_semi.o(.text)
    __semihosting_library_function           0x000006bd   Thumb Code     0  indicate_semi.o(.text)
    _sys_exit                                0x000006bd   Thumb Code     8  sys_exit.o(.text)
    CalculateCheckSum                        0x000006c9   Thumb Code   144  main.o(.text.CalculateCheckSum)
    DayinMonth                               0x00000759   Thumb Code   198  main.o(.text.DayinMonth)
    GPIO_Input_Config                        0x00000821   Thumb Code   422  gpio_config.o(.text.GPIO_Input_Config)
    GPIO_Input_Interrupt_Config              0x000009c9   Thumb Code   324  gpio_config.o(.text.GPIO_Input_Interrupt_Config)
    GPIO_Output_Config                       0x00000b0d   Thumb Code   422  gpio_config.o(.text.GPIO_Output_Config)
    LPIT0_Ch0_IRQHandler                     0x00000cb5   Thumb Code   344  main.o(.text.LPIT0_Ch0_IRQHandler)
    LPIT0_Ch1_IRQHandler                     0x00000e0d   Thumb Code    50  main.o(.text.LPIT0_Ch1_IRQHandler)
    LPIT0_Ch2_IRQHandler                     0x00000e41   Thumb Code    52  main.o(.text.LPIT0_Ch2_IRQHandler)
    LPIT_Config                              0x00000e75   Thumb Code   192  lpit_config.o(.text.LPIT_Config)
    LPIT_Disable                             0x00000f39   Thumb Code    28  lpit_config.o(.text.LPIT_Disable)
    LPSPI1_CONFIG                            0x00000f55   Thumb Code   386  lpspi_config.o(.text.LPSPI1_CONFIG)
    LPUART1_RxTx_IRQHandler                  0x000010d9   Thumb Code   176  main.o(.text.LPUART1_RxTx_IRQHandler)
    MAX7219DisplayMode                       0x00001189   Thumb Code   232  main.o(.text.MAX7219DisplayMode)
    MAX7219_DateDisplay                      0x00001271   Thumb Code   240  max7219.o(.text.MAX7219_DateDisplay)
    MAX7219_Display                          0x00001361   Thumb Code    40  max7219.o(.text.MAX7219_Display)
    MAX7219_Innit                            0x00001389   Thumb Code    36  max7219.o(.text.MAX7219_Innit)
    MAX7219_Intensity                        0x000013ad   Thumb Code    20  max7219.o(.text.MAX7219_Intensity)
    MAX7219_TimeDisplay                      0x000013c1   Thumb Code   166  max7219.o(.text.MAX7219_TimeDisplay)
    NORMAL_RUN_MODE                          0x00001469   Thumb Code   180  clock_and_modes.o(.text.NORMAL_RUN_MODE)
    PORTC_IRQHandler                         0x0000151d   Thumb Code   194  main.o(.text.PORTC_IRQHandler)
    PORT_SPI_CONFIG                          0x000015e1   Thumb Code    82  lpspi_config.o(.text.PORT_SPI_CONFIG)
    ProcessReceiveData                       0x00001635   Thumb Code   336  main.o(.text.ProcessReceiveData)
    ProcessTransmitData                      0x00001785   Thumb Code   434  main.o(.text.ProcessTransmitData)
    SOSC_INIT_8MHZ                           0x00001939   Thumb Code   192  clock_and_modes.o(.text.SOSC_INIT_8MHZ)
    SPI1_Send                                0x000019f9   Thumb Code    44  lpspi_config.o(.text.SPI1_Send)
    SPLL_INIT                                0x00001a25   Thumb Code   358  clock_and_modes.o(.text.SPLL_INIT)
    SystemInit                               0x00001b8d   Thumb Code    82  system_s32k144.o(.text.SystemInit)
    UART1_Interrupt_Config                   0x00001be1   Thumb Code   620  uart_config.o(.text.UART1_Interrupt_Config)
    UART1_SendChar                           0x00001e4d   Thumb Code    46  uart_config.o(.text.UART1_SendChar)
    UART1_SendString                         0x00001e7d   Thumb Code    44  uart_config.o(.text.UART1_SendString)
    init_data_bss                            0x00001ea9   Thumb Code   160  startup.o(.text.init_data_bss)
    main                                     0x00001f49   Thumb Code   548  main.o(.text.main)
    _fp_init                                 0x0000216d   Thumb Code    26  fpinit.o(x$fpl$fpinit)
    __fplib_config_fpu_vfp                   0x00002185   Thumb Code     0  fpinit.o(x$fpl$fpinit)
    __fplib_config_pureend_doubles           0x00002185   Thumb Code     0  fpinit.o(x$fpl$fpinit)
    Region$$Table$$Base                      0x00002188   Number         0  anon$$obj.o(Region$$Table)
    Image$$ER_m_text$$Limit                  0x000021a8   Number         0  anon$$obj.o ABSOLUTE
    Region$$Table$$Limit                     0x000021a8   Number         0  anon$$obj.o(Region$$Table)
    Image$$VECTOR_RAM$$Base                  0x1fff8000   Number         0  anon$$obj.o ABSOLUTE
    DisplayMode                              0x1fff8400   Data           4  main.o(.data.DisplayMode)
    Image$$RW_m_data$$Base                   0x1fff8400   Number         0  anon$$obj.o ABSOLUTE
    TimeDate_TxBuff                          0x1fff8404   Data          12  main.o(.data.TimeDate_TxBuff)
    day                                      0x1fff8410   Data           4  main.o(.data.day)
    intensityLevel                           0x1fff8414   Data           1  main.o(.data.intensityLevel)
    month                                    0x1fff8418   Data           4  main.o(.data.month)
    year                                     0x1fff841c   Data           4  main.o(.data.year)
    Image$$RW_m_code$$Base                   0x1fff8420   Number         0  anon$$obj.o ABSOLUTE
    Image$$RW_m_code$$Limit                  0x1fff8420   Number         0  anon$$obj.o ABSOLUTE
    Image$$RW_m_data$$Limit                  0x1fff8420   Number         0  anon$$obj.o ABSOLUTE
    Image$$RW_m_custom_section$$Base         0x20000000   Number         0  anon$$obj.o ABSOLUTE
    Image$$RW_m_custom_section$$Limit        0x20000000   Number         0  anon$$obj.o ABSOLUTE
    Image$$RW_m_data_2$$ZI$$Base             0x20000000   Number         0  anon$$obj.o ABSOLUTE
    TimeDate_RxBuff                          0x20000000   Data          12  main.o(.bss.TimeDate_RxBuff)
    counter1s                                0x2000000c   Data           4  main.o(.bss.counter1s)
    doneReceive                              0x20000010   Data           4  main.o(.bss.doneReceive)
    hour                                     0x20000014   Data           4  main.o(.bss.hour)
    minute                                   0x20000018   Data           4  main.o(.bss.minute)
    receiveBuffer                            0x2000001c   Data          30  main.o(.bss.receiveBuffer)
    receiveData                              0x2000003a   Data           1  main.o(.bss.receiveData)
    second                                   0x2000003c   Data           4  main.o(.bss.second)
    string_index                             0x20000040   Data           4  main.o(.bss.string_index)
    transmit                                 0x20000044   Data           1  main.o(.bss.transmit)
    Image$$ARM_LIB_HEAP$$ZI$$Base            0x20000048   Number         0  anon$$obj.o ABSOLUTE
    Image$$RW_m_data_2$$ZI$$Limit            0x20000048   Number         0  anon$$obj.o ABSOLUTE
    Image$$ARM_LIB_HEAP$$ZI$$Limit           0x20000448   Number         0  anon$$obj.o ABSOLUTE
    Image$$ARM_LIB_STACK$$Limit              0x20006c00   Number         0  anon$$obj.o ABSOLUTE
    Image$$ARM_LIB_STACK$$ZI$$Limit          0x20007000   Number         0  anon$$obj.o ABSOLUTE



==============================================================================

Memory Map of the image

  Image Entry point : 0x00000415

  Load Region LR_m_text (Base: 0x00000000, Size: 0x000021c8, Max: 0x00080000, ABSOLUTE)

    Execution Region VECTOR_ROM (Exec base: 0x00000000, Load base: 0x00000000, Size: 0x00000230, Max: 0x00000400, ABSOLUTE)

    Exec Addr    Load Addr    Size         Type   Attr      Idx    E Section Name        Object

    0x00000000   0x00000000   0x00000230   Data   RO          185    RESET               startup_s32k144.o


    Execution Region ER_m_flash_config (Exec base: 0x00000400, Load base: 0x00000400, Size: 0x00000010, Max: 0x00000010, ABSOLUTE, FIXED)

    Exec Addr    Load Addr    Size         Type   Attr      Idx    E Section Name        Object

    0x00000400   0x00000400   0x00000010   Data   RO          186    FlashConfig         startup_s32k144.o


    Execution Region ER_m_text_const (Exec base: 0x00000410, Load base: 0x00000410, Size: 0x00000004, Max: 0xffffffff, ABSOLUTE)

    Exec Addr    Load Addr    Size         Type   Attr      Idx    E Section Name        Object

    0x00000410   0x00000410   0x00000004   Data   RO          178    .rodata.s_vectors   startup.o


    Execution Region ER_m_text (Exec base: 0x00000414, Load base: 0x00000414, Size: 0x00001d94, Max: 0x0007fbf0, ABSOLUTE)

    Exec Addr    Load Addr    Size         Type   Attr      Idx    E Section Name        Object

    0x00000414   0x00000414   0x00000008   Code   RO          213  * !!!main             c_w.l(__main.o)
    0x0000041c   0x0000041c   0x0000005c   Code   RO          393    !!!scatter          c_w.l(__scatter.o)
    0x00000478   0x00000478   0x0000001a   Code   RO          397    !!handler_copy      c_w.l(__scatter_copy.o)
    0x00000492   0x00000492   0x00000002   PAD
    0x00000494   0x00000494   0x00000002   Code   RO          394    !!handler_null      c_w.l(__scatter.o)
    0x00000496   0x00000496   0x00000002   PAD
    0x00000498   0x00000498   0x0000001c   Code   RO          399    !!handler_zi        c_w.l(__scatter_zi.o)
    0x000004b4   0x000004b4   0x00000002   Code   RO          247    .ARM.Collect$$libinit$$00000000  c_w.l(libinit.o)
    0x000004b6   0x000004b6   0x00000004   Code   RO          257    .ARM.Collect$$libinit$$00000001  c_w.l(libinit2.o)
    0x000004ba   0x000004ba   0x00000000   Code   RO          260    .ARM.Collect$$libinit$$00000004  c_w.l(libinit2.o)
    0x000004ba   0x000004ba   0x00000000   Code   RO          262    .ARM.Collect$$libinit$$00000006  c_w.l(libinit2.o)
    0x000004ba   0x000004ba   0x00000000   Code   RO          265    .ARM.Collect$$libinit$$0000000C  c_w.l(libinit2.o)
    0x000004ba   0x000004ba   0x00000000   Code   RO          267    .ARM.Collect$$libinit$$0000000E  c_w.l(libinit2.o)
    0x000004ba   0x000004ba   0x00000000   Code   RO          269    .ARM.Collect$$libinit$$00000010  c_w.l(libinit2.o)
    0x000004ba   0x000004ba   0x00000000   Code   RO          272    .ARM.Collect$$libinit$$00000013  c_w.l(libinit2.o)
    0x000004ba   0x000004ba   0x00000000   Code   RO          274    .ARM.Collect$$libinit$$00000015  c_w.l(libinit2.o)
    0x000004ba   0x000004ba   0x00000000   Code   RO          276    .ARM.Collect$$libinit$$00000017  c_w.l(libinit2.o)
    0x000004ba   0x000004ba   0x00000000   Code   RO          278    .ARM.Collect$$libinit$$00000019  c_w.l(libinit2.o)
    0x000004ba   0x000004ba   0x00000000   Code   RO          280    .ARM.Collect$$libinit$$0000001B  c_w.l(libinit2.o)
    0x000004ba   0x000004ba   0x00000000   Code   RO          282    .ARM.Collect$$libinit$$0000001D  c_w.l(libinit2.o)
    0x000004ba   0x000004ba   0x00000000   Code   RO          284    .ARM.Collect$$libinit$$0000001F  c_w.l(libinit2.o)
    0x000004ba   0x000004ba   0x00000000   Code   RO          286    .ARM.Collect$$libinit$$00000021  c_w.l(libinit2.o)
    0x000004ba   0x000004ba   0x00000000   Code   RO          288    .ARM.Collect$$libinit$$00000023  c_w.l(libinit2.o)
    0x000004ba   0x000004ba   0x00000000   Code   RO          290    .ARM.Collect$$libinit$$00000025  c_w.l(libinit2.o)
    0x000004ba   0x000004ba   0x00000000   Code   RO          292    .ARM.Collect$$libinit$$00000027  c_w.l(libinit2.o)
    0x000004ba   0x000004ba   0x00000000   Code   RO          296    .ARM.Collect$$libinit$$0000002E  c_w.l(libinit2.o)
    0x000004ba   0x000004ba   0x00000000   Code   RO          298    .ARM.Collect$$libinit$$00000030  c_w.l(libinit2.o)
    0x000004ba   0x000004ba   0x00000000   Code   RO          300    .ARM.Collect$$libinit$$00000032  c_w.l(libinit2.o)
    0x000004ba   0x000004ba   0x00000000   Code   RO          302    .ARM.Collect$$libinit$$00000034  c_w.l(libinit2.o)
    0x000004ba   0x000004ba   0x00000002   Code   RO          303    .ARM.Collect$$libinit$$00000035  c_w.l(libinit2.o)
    0x000004bc   0x000004bc   0x00000002   Code   RO          332    .ARM.Collect$$libshutdown$$00000000  c_w.l(libshutdown.o)
    0x000004be   0x000004be   0x00000000   Code   RO          344    .ARM.Collect$$libshutdown$$00000002  c_w.l(libshutdown2.o)
    0x000004be   0x000004be   0x00000000   Code   RO          346    .ARM.Collect$$libshutdown$$00000004  c_w.l(libshutdown2.o)
    0x000004be   0x000004be   0x00000000   Code   RO          349    .ARM.Collect$$libshutdown$$00000007  c_w.l(libshutdown2.o)
    0x000004be   0x000004be   0x00000000   Code   RO          352    .ARM.Collect$$libshutdown$$0000000A  c_w.l(libshutdown2.o)
    0x000004be   0x000004be   0x00000000   Code   RO          354    .ARM.Collect$$libshutdown$$0000000C  c_w.l(libshutdown2.o)
    0x000004be   0x000004be   0x00000000   Code   RO          357    .ARM.Collect$$libshutdown$$0000000F  c_w.l(libshutdown2.o)
    0x000004be   0x000004be   0x00000002   Code   RO          358    .ARM.Collect$$libshutdown$$00000010  c_w.l(libshutdown2.o)
    0x000004c0   0x000004c0   0x00000000   Code   RO          215    .ARM.Collect$$rtentry$$00000000  c_w.l(__rtentry.o)
    0x000004c0   0x000004c0   0x00000000   Code   RO          219    .ARM.Collect$$rtentry$$00000002  c_w.l(__rtentry2.o)
    0x000004c0   0x000004c0   0x00000004   Code   RO          233    .ARM.Collect$$rtentry$$00000007  c_w.l(__rtentry7.o)
    0x000004c4   0x000004c4   0x00000000   Code   RO          221    .ARM.Collect$$rtentry$$00000009  c_w.l(__rtentry2.o)
    0x000004c4   0x000004c4   0x00000004   Code   RO          222    .ARM.Collect$$rtentry$$0000000A  c_w.l(__rtentry2.o)
    0x000004c8   0x000004c8   0x00000000   Code   RO          224    .ARM.Collect$$rtentry$$0000000C  c_w.l(__rtentry2.o)
    0x000004c8   0x000004c8   0x00000008   Code   RO          225    .ARM.Collect$$rtentry$$0000000D  c_w.l(__rtentry2.o)
    0x000004d0   0x000004d0   0x00000004   Code   RO          234    .ARM.Collect$$rtentry$$00002718  c_w.l(__rtentry7.o)
    0x000004d4   0x000004d4   0x00000002   Code   RO          255    .ARM.Collect$$rtexit$$00000000  c_w.l(rtexit.o)
    0x000004d6   0x000004d6   0x00000000   Code   RO          312    .ARM.Collect$$rtexit$$00000002  c_w.l(rtexit2.o)
    0x000004d6   0x000004d6   0x00000004   Code   RO          313    .ARM.Collect$$rtexit$$00000003  c_w.l(rtexit2.o)
    0x000004da   0x000004da   0x00000006   Code   RO          314    .ARM.Collect$$rtexit$$00000004  c_w.l(rtexit2.o)
    0x000004e0   0x000004e0   0x0000009c   Code   RO          184    .text               startup_s32k144.o
    0x0000057c   0x0000057c   0x0000003e   Code   RO          209    .text               c_w.l(strlen.o)
    0x000005ba   0x000005ba   0x0000008a   Code   RO          211    .text               c_w.l(rt_memcpy_v6.o)
    0x00000644   0x00000644   0x00000064   Code   RO          216    .text               c_w.l(rt_memcpy_w.o)
    0x000006a8   0x000006a8   0x00000012   Code   RO          240    .text               c_w.l(exit.o)
    0x000006ba   0x000006ba   0x00000002   Code   RO          308    .text               c_w.l(use_no_semi.o)
    0x000006bc   0x000006bc   0x00000000   Code   RO          310    .text               c_w.l(indicate_semi.o)
    0x000006bc   0x000006bc   0x0000000c   Code   RO          322    .text               c_w.l(sys_exit.o)
    0x000006c8   0x000006c8   0x00000090   Code   RO           71    .text.CalculateCheckSum  main.o
    0x00000758   0x00000758   0x000000c6   Code   RO           79    .text.DayinMonth    main.o
    0x0000081e   0x0000081e   0x00000002   PAD
    0x00000820   0x00000820   0x000001a6   Code   RO           22    .text.GPIO_Input_Config  gpio_config.o
    0x000009c6   0x000009c6   0x00000002   PAD
    0x000009c8   0x000009c8   0x00000144   Code   RO           26    .text.GPIO_Input_Interrupt_Config  gpio_config.o
    0x00000b0c   0x00000b0c   0x000001a6   Code   RO           24    .text.GPIO_Output_Config  gpio_config.o
    0x00000cb2   0x00000cb2   0x00000002   PAD
    0x00000cb4   0x00000cb4   0x00000158   Code   RO           77    .text.LPIT0_Ch0_IRQHandler  main.o
    0x00000e0c   0x00000e0c   0x00000032   Code   RO           81    .text.LPIT0_Ch1_IRQHandler  main.o
    0x00000e3e   0x00000e3e   0x00000002   PAD
    0x00000e40   0x00000e40   0x00000034   Code   RO           83    .text.LPIT0_Ch2_IRQHandler  main.o
    0x00000e74   0x00000e74   0x000000c4   Code   RO           35    .text.LPIT_Config   lpit_config.o
    0x00000f38   0x00000f38   0x0000001c   Code   RO           37    .text.LPIT_Disable  lpit_config.o
    0x00000f54   0x00000f54   0x00000182   Code   RO           48    .text.LPSPI1_CONFIG  lpspi_config.o
    0x000010d6   0x000010d6   0x00000002   PAD
    0x000010d8   0x000010d8   0x000000b0   Code   RO           69    .text.LPUART1_RxTx_IRQHandler  main.o
    0x00001188   0x00001188   0x000000e8   Code   RO           65    .text.MAX7219DisplayMode  main.o
    0x00001270   0x00001270   0x000000f0   Code   RO          119    .text.MAX7219_DateDisplay  max7219.o
    0x00001360   0x00001360   0x00000028   Code   RO          115    .text.MAX7219_Display  max7219.o
    0x00001388   0x00001388   0x00000024   Code   RO          113    .text.MAX7219_Innit  max7219.o
    0x000013ac   0x000013ac   0x00000014   Code   RO          121    .text.MAX7219_Intensity  max7219.o
    0x000013c0   0x000013c0   0x000000a6   Code   RO          117    .text.MAX7219_TimeDisplay  max7219.o
    0x00001466   0x00001466   0x00000002   PAD
    0x00001468   0x00001468   0x000000b4   Code   RO           13    .text.NORMAL_RUN_MODE  clock_and_modes.o
    0x0000151c   0x0000151c   0x000000c2   Code   RO           75    .text.PORTC_IRQHandler  main.o
    0x000015de   0x000015de   0x00000002   PAD
    0x000015e0   0x000015e0   0x00000052   Code   RO           50    .text.PORT_SPI_CONFIG  lpspi_config.o
    0x00001632   0x00001632   0x00000002   PAD
    0x00001634   0x00001634   0x00000150   Code   RO           63    .text.ProcessReceiveData  main.o
    0x00001784   0x00001784   0x000001b2   Code   RO           67    .text.ProcessTransmitData  main.o
    0x00001936   0x00001936   0x00000002   PAD
    0x00001938   0x00001938   0x000000c0   Code   RO            5    .text.SOSC_INIT_8MHZ  clock_and_modes.o
    0x000019f8   0x000019f8   0x0000002c   Code   RO           52    .text.SPI1_Send     lpspi_config.o
    0x00001a24   0x00001a24   0x00000166   Code   RO           11    .text.SPLL_INIT     clock_and_modes.o
    0x00001b8a   0x00001b8a   0x00000002   PAD
    0x00001b8c   0x00001b8c   0x00000052   Code   RO          193    .text.SystemInit    system_s32k144.o
    0x00001bde   0x00001bde   0x00000002   PAD
    0x00001be0   0x00001be0   0x0000026c   Code   RO          138    .text.UART1_Interrupt_Config  uart_config.o
    0x00001e4c   0x00001e4c   0x0000002e   Code   RO          142    .text.UART1_SendChar  uart_config.o
    0x00001e7a   0x00001e7a   0x00000002   PAD
    0x00001e7c   0x00001e7c   0x0000002c   Code   RO          144    .text.UART1_SendString  uart_config.o
    0x00001ea8   0x00001ea8   0x000000a0   Code   RO          176    .text.init_data_bss  startup.o
    0x00001f48   0x00001f48   0x00000224   Code   RO           61    .text.main          main.o
    0x0000216c   0x0000216c   0x0000001a   Code   RO          320    x$fpl$fpinit        fz_wm.l(fpinit.o)
    0x00002186   0x00002186   0x00000002   PAD
    0x00002188   0x00002188   0x00000020   Data   RO          392    Region$$Table       anon$$obj.o


    Execution Region VECTOR_RAM (Exec base: 0x1fff8000, Load base: 0x00000230, Size: 0x00000400, Max: 0x00000400, ABSOLUTE)

    Exec Addr    Load Addr    Size         Type   Attr      Idx    E Section Name        Object

    0x1fff8000        -       0x00000400   Zero   RW            1    VECTOR_RAM.bss      anon$$obj.o


    Execution Region RW_m_data (Exec base: 0x1fff8400, Load base: 0x000021a8, Size: 0x00000020, Max: 0xffffffff, ABSOLUTE)

    Exec Addr    Load Addr    Size         Type   Attr      Idx    E Section Name        Object

    0x1fff8400   0x000021a8   0x00000004   Data   RW          100    .data.DisplayMode   main.o
    0x1fff8404   0x000021ac   0x0000000c   Data   RW           89    .data.TimeDate_TxBuff  main.o
    0x1fff8410   0x000021b8   0x00000004   Data   RW           91    .data.day           main.o
    0x1fff8414   0x000021bc   0x00000001   Data   RW           97    .data.intensityLevel  main.o
    0x1fff8415   0x000021bd   0x00000003   PAD
    0x1fff8418   0x000021c0   0x00000004   Data   RW           92    .data.month         main.o
    0x1fff841c   0x000021c4   0x00000004   Data   RW           93    .data.year          main.o


    Execution Region RW_m_code (Exec base: 0x1fff8420, Load base: 0x000021c8, Size: 0x00000000, Max: 0x00007c00, ABSOLUTE)

    **** No section assigned to this execution region ****


    Execution Region RW_m_custom_section (Exec base: 0x20000000, Load base: 0x000021c8, Size: 0x00000000, Max: 0xffffffff, ABSOLUTE)

    **** No section assigned to this execution region ****


    Execution Region RW_m_data_2 (Exec base: 0x20000000, Load base: 0x000021c8, Size: 0x00000048, Max: 0x00006800, ABSOLUTE)

    Exec Addr    Load Addr    Size         Type   Attr      Idx    E Section Name        Object

    0x20000000        -       0x0000000c   Zero   RW          104    .bss.TimeDate_RxBuff  main.o
    0x2000000c        -       0x00000004   Zero   RW           99    .bss.counter1s      main.o
    0x20000010        -       0x00000004   Zero   RW           86    .bss.doneReceive    main.o
    0x20000014        -       0x00000004   Zero   RW           94    .bss.hour           main.o
    0x20000018        -       0x00000004   Zero   RW           95    .bss.minute         main.o
    0x2000001c        -       0x0000001e   Zero   RW          103    .bss.receiveBuffer  main.o
    0x2000003a        -       0x00000001   Zero   RW          102    .bss.receiveData    main.o
    0x2000003b   0x000021c8   0x00000001   PAD
    0x2000003c        -       0x00000004   Zero   RW           96    .bss.second         main.o
    0x20000040        -       0x00000004   Zero   RW           85    .bss.string_index   main.o
    0x20000044        -       0x00000001   Zero   RW           88    .bss.transmit       main.o


    Execution Region ARM_LIB_HEAP (Exec base: 0x20000048, Load base: 0x000021c8, Size: 0x00000400, Max: 0x00000400, ABSOLUTE)

    Exec Addr    Load Addr    Size         Type   Attr      Idx    E Section Name        Object

    0x20000048        -       0x00000400   Zero   RW            2    ARM_LIB_HEAP.bss    anon$$obj.o


    Execution Region ARM_LIB_STACK (Exec base: 0x20006c00, Load base: 0x000021c8, Size: 0x00000400, Max: 0x00000400, ABSOLUTE)

    Exec Addr    Load Addr    Size         Type   Attr      Idx    E Section Name        Object

    0x20006c00        -       0x00000400   Zero   RW            3    ARM_LIB_STACK.bss   anon$$obj.o


==============================================================================

Image component sizes


      Code (inc. data)   RO Data    RW Data    ZI Data      Debug   Object Name

       730          0          0          0          0       3191   clock_and_modes.o
      1168         18          0          0          0       3208   gpio_config.o
       224          4          0          0          0       2877   lpit_config.o
       512          0          0          0          0       4049   lpspi_config.o
      2708          0          0         29         68       6392   main.o
       502          0          0          0          0       1457   max7219.o
       160          0          4          0          0       1109   startup.o
       156        106        576          0          0        936   startup_s32k144.o
        82          0          0          0          0       2879   system_s32k144.o
       710          0          0          0          0       5918   uart_config.o

    ----------------------------------------------------------------------
      6976        128        612         32       3144      32016   Object Totals
         0          0         32          0       3072          0   (incl. Generated)
        24          0          0          3          4          0   (incl. Padding)

    ----------------------------------------------------------------------

      Code (inc. data)   RO Data    RW Data    ZI Data      Debug   Library Member Name

         8          0          0          0          0         68   __main.o
         0          0          0          0          0          0   __rtentry.o
        12          0          0          0          0          0   __rtentry2.o
         8          4          0          0          0          0   __rtentry7.o
        94          8          0          0          0          0   __scatter.o
        26          0          0          0          0          0   __scatter_copy.o
        28          0          0          0          0          0   __scatter_zi.o
        18          0          0          0          0         80   exit.o
         0          0          0          0          0          0   indicate_semi.o
         2          0          0          0          0          0   libinit.o
         6          0          0          0          0          0   libinit2.o
         2          0          0          0          0          0   libshutdown.o
         2          0          0          0          0          0   libshutdown2.o
       138          0          0          0          0         68   rt_memcpy_v6.o
       100          0          0          0          0         80   rt_memcpy_w.o
         2          0          0          0          0          0   rtexit.o
        10          0          0          0          0          0   rtexit2.o
        62          0          0          0          0         76   strlen.o
        12          4          0          0          0         68   sys_exit.o
         2          0          0          0          0         68   use_no_semi.o
        26          0          0          0          0        116   fpinit.o

    ----------------------------------------------------------------------
       564         16          0          0          0        624   Library Totals
         6          0          0          0          0          0   (incl. Padding)

    ----------------------------------------------------------------------

      Code (inc. data)   RO Data    RW Data    ZI Data      Debug   Library Name

       532         16          0          0          0        508   c_w.l
        26          0          0          0          0        116   fz_wm.l

    ----------------------------------------------------------------------
       564         16          0          0          0        624   Library Totals

    ----------------------------------------------------------------------

==============================================================================


      Code (inc. data)   RO Data    RW Data    ZI Data      Debug   

      7540        144        612         32       3144      32392   Grand Totals
      7540        144        612         32       3144      32392   ELF Image Totals
      7540        144        612         32          0          0   ROM Totals

==============================================================================

    Total RO  Size (Code + RO Data)                 8152 (   7.96kB)
    Total RW  Size (RW Data + ZI Data)              3176 (   3.10kB)
    Total ROM Size (Code + RO Data + RW Data)       8184 (   7.99kB)

==============================================================================

